Archive member included because of file (symbol)

C:/Freescale/KSDK_1.3.0/examples/frdmkl25z/demo_apps/adc_hw_trigger/pit/kds/../../../../../../lib/ksdk_platform_lib/kds/KL25Z4/debug/libksdk_platform.a(fsl_uart_hal.o)
                              ./utilities/fsl_debug_console.o (UART_HAL_SetBaudRate)
C:/Freescale/KSDK_1.3.0/examples/frdmkl25z/demo_apps/adc_hw_trigger/pit/kds/../../../../../../lib/ksdk_platform_lib/kds/KL25Z4/debug/libksdk_platform.a(fsl_sim_hal_MKL25Z4.o)
                              ./source/pit_trigger.o (SIM_HAL_SetAdcAlternativeTriggerCmd)
C:/Freescale/KSDK_1.3.0/examples/frdmkl25z/demo_apps/adc_hw_trigger/pit/kds/../../../../../../lib/ksdk_platform_lib/kds/KL25Z4/debug/libksdk_platform.a(fsl_pit_driver.o)
                              ./source/pit_trigger.o (PIT_DRV_Init)
C:/Freescale/KSDK_1.3.0/examples/frdmkl25z/demo_apps/adc_hw_trigger/pit/kds/../../../../../../lib/ksdk_platform_lib/kds/KL25Z4/debug/libksdk_platform.a(fsl_lpsci_hal.o)
                              ./utilities/fsl_debug_console.o (LPSCI_HAL_SetBaudRate)
C:/Freescale/KSDK_1.3.0/examples/frdmkl25z/demo_apps/adc_hw_trigger/pit/kds/../../../../../../lib/ksdk_platform_lib/kds/KL25Z4/debug/libksdk_platform.a(fsl_clock_MKL25Z4.o)
                              ./board/board.o (CLOCK_SYS_SetSimConfigration)
C:/Freescale/KSDK_1.3.0/examples/frdmkl25z/demo_apps/adc_hw_trigger/pit/kds/../../../../../../lib/ksdk_platform_lib/kds/KL25Z4/debug/libksdk_platform.a(fsl_clock_manager.o)
                              C:/Freescale/KSDK_1.3.0/examples/frdmkl25z/demo_apps/adc_hw_trigger/pit/kds/../../../../../../lib/ksdk_platform_lib/kds/KL25Z4/debug/libksdk_platform.a(fsl_clock_MKL25Z4.o) (CLOCK_SYS_GetSystickFreq)
C:/Freescale/KSDK_1.3.0/examples/frdmkl25z/demo_apps/adc_hw_trigger/pit/kds/../../../../../../lib/ksdk_platform_lib/kds/KL25Z4/debug/libksdk_platform.a(fsl_clock_manager_common.o)
                              C:/Freescale/KSDK_1.3.0/examples/frdmkl25z/demo_apps/adc_hw_trigger/pit/kds/../../../../../../lib/ksdk_platform_lib/kds/KL25Z4/debug/libksdk_platform.a(fsl_clock_MKL25Z4.o) (g_oscBase)
C:/Freescale/KSDK_1.3.0/examples/frdmkl25z/demo_apps/adc_hw_trigger/pit/kds/../../../../../../lib/ksdk_platform_lib/kds/KL25Z4/debug/libksdk_platform.a(fsl_adc16_driver.o)
                              ./source/fsl_adc_irq.o (ADC16_DRV_GetConvValueRAW)
C:/Freescale/KSDK_1.3.0/examples/frdmkl25z/demo_apps/adc_hw_trigger/pit/kds/../../../../../../lib/ksdk_platform_lib/kds/KL25Z4/debug/libksdk_platform.a(fsl_os_abstraction_bm.o)
                              C:/Freescale/KSDK_1.3.0/examples/frdmkl25z/demo_apps/adc_hw_trigger/pit/kds/../../../../../../lib/ksdk_platform_lib/kds/KL25Z4/debug/libksdk_platform.a(fsl_clock_manager.o) (OSA_EnterCritical)
C:/Freescale/KSDK_1.3.0/examples/frdmkl25z/demo_apps/adc_hw_trigger/pit/kds/../../../../../../lib/ksdk_platform_lib/kds/KL25Z4/debug/libksdk_platform.a(fsl_pit_hal.o)
                              C:/Freescale/KSDK_1.3.0/examples/frdmkl25z/demo_apps/adc_hw_trigger/pit/kds/../../../../../../lib/ksdk_platform_lib/kds/KL25Z4/debug/libksdk_platform.a(fsl_pit_driver.o) (PIT_HAL_ReadLifetimeTimerCount)
C:/Freescale/KSDK_1.3.0/examples/frdmkl25z/demo_apps/adc_hw_trigger/pit/kds/../../../../../../lib/ksdk_platform_lib/kds/KL25Z4/debug/libksdk_platform.a(fsl_pit_common.o)
                              C:/Freescale/KSDK_1.3.0/examples/frdmkl25z/demo_apps/adc_hw_trigger/pit/kds/../../../../../../lib/ksdk_platform_lib/kds/KL25Z4/debug/libksdk_platform.a(fsl_pit_driver.o) (g_pitBase)
C:/Freescale/KSDK_1.3.0/examples/frdmkl25z/demo_apps/adc_hw_trigger/pit/kds/../../../../../../lib/ksdk_platform_lib/kds/KL25Z4/debug/libksdk_platform.a(fsl_osc_hal.o)
                              C:/Freescale/KSDK_1.3.0/examples/frdmkl25z/demo_apps/adc_hw_trigger/pit/kds/../../../../../../lib/ksdk_platform_lib/kds/KL25Z4/debug/libksdk_platform.a(fsl_clock_manager.o) (OSC_HAL_SetCapacitor)
C:/Freescale/KSDK_1.3.0/examples/frdmkl25z/demo_apps/adc_hw_trigger/pit/kds/../../../../../../lib/ksdk_platform_lib/kds/KL25Z4/debug/libksdk_platform.a(fsl_mcg_hal.o)
                              C:/Freescale/KSDK_1.3.0/examples/frdmkl25z/demo_apps/adc_hw_trigger/pit/kds/../../../../../../lib/ksdk_platform_lib/kds/KL25Z4/debug/libksdk_platform.a(fsl_clock_MKL25Z4.o) (g_xtal0ClkFreq)
C:/Freescale/KSDK_1.3.0/examples/frdmkl25z/demo_apps/adc_hw_trigger/pit/kds/../../../../../../lib/ksdk_platform_lib/kds/KL25Z4/debug/libksdk_platform.a(fsl_mcg_hal_modes.o)
                              C:/Freescale/KSDK_1.3.0/examples/frdmkl25z/demo_apps/adc_hw_trigger/pit/kds/../../../../../../lib/ksdk_platform_lib/kds/KL25Z4/debug/libksdk_platform.a(fsl_clock_manager.o) (CLOCK_HAL_GetMcgMode)
C:/Freescale/KSDK_1.3.0/examples/frdmkl25z/demo_apps/adc_hw_trigger/pit/kds/../../../../../../lib/ksdk_platform_lib/kds/KL25Z4/debug/libksdk_platform.a(fsl_lptmr_hal.o)
[...]
Memory Configuration

Name             Origin             Length             Attributes
m_interrupts     0x00000000         0x00000100         xr
m_flash_config   0x00000400         0x00000010         xr
m_text           0x00000410         0x0001fbf0         xr
m_data           0x1ffff000         0x00004000         rw
*default*        0x00000000         0xffffffff

Linker script and memory map

LOAD c:/freescale/kds_v3/toolchain/bin/../lib/gcc/arm-none-eabi/4.8.4/armv6-m/crti.o
LOAD c:/freescale/kds_v3/toolchain/bin/../lib/gcc/arm-none-eabi/4.8.4/armv6-m/crtbegin.o
LOAD c:/freescale/kds_v3/toolchain/bin/../lib/gcc/arm-none-eabi/4.8.4/../../../../arm-none-eabi/lib/armv6-m/crt0.o
                0x00000400                __stack_size__ = 0x400
                0x00000200                __heap_size__ = 0x200
                0x00000001                __ram_vector_table__ = 0x1
START GROUP
LOAD ./utilities/fsl_debug_console.o
LOAD ./utilities/fsl_misc_utilities.o
LOAD ./utilities/print_scan.o
LOAD ./startup/startup.o
LOAD ./startup/startup_MKL25Z4.o
LOAD ./startup/system_MKL25Z4.o
LOAD ./source/fsl_adc_irq.o
LOAD ./source/main.o
LOAD ./source/pit_trigger.o
LOAD ./include_headers/adc.o
LOAD ./include_headers/dma.o
LOAD ./board/board.o
LOAD ./board/gpio_pins.o
LOAD ./board/hardware_init.o
LOAD ./board/pin_mux.o
LOAD C:/Freescale/KSDK_1.3.0/examples/frdmkl25z/demo_apps/adc_hw_trigger/pit/kds/../../../../../../lib/ksdk_platform_lib/kds/KL25Z4/debug/libksdk_platform.a
LOAD c:/freescale/kds_v3/toolchain/bin/../lib/gcc/arm-none-eabi/4.8.4/../../../../arm-none-eabi/lib/armv6-m\libm.a
LOAD c:/freescale/kds_v3/toolchain/bin/../lib/gcc/arm-none-eabi/4.8.4/../../../../arm-none-eabi/lib/armv6-m\libg_s.a
LOAD c:/freescale/kds_v3/toolchain/bin/../lib/gcc/arm-none-eabi/4.8.4/armv6-m\libgcc.a
LOAD c:/freescale/kds_v3/toolchain/bin/../lib/gcc/arm-none-eabi/4.8.4/../../../../arm-none-eabi/lib/armv6-m\libnosys.a
END GROUP
START GROUP
LOAD c:/freescale/kds_v3/toolchain/bin/../lib/gcc/arm-none-eabi/4.8.4/armv6-m\libgcc.a
LOAD c:/freescale/kds_v3/toolchain/bin/../lib/gcc/arm-none-eabi/4.8.4/../../../../arm-none-eabi/lib/armv6-m\libg_s.a
LOAD c:/freescale/kds_v3/toolchain/bin/../lib/gcc/arm-none-eabi/4.8.4/../../../../arm-none-eabi/lib/armv6-m\libc_s.a
END GROUP
START GROUP
LOAD c:/freescale/kds_v3/toolchain/bin/../lib/gcc/arm-none-eabi/4.8.4/armv6-m\libgcc.a
LOAD c:/freescale/kds_v3/toolchain/bin/../lib/gcc/arm-none-eabi/4.8.4/../../../../arm-none-eabi/lib/armv6-m\libc_s.a
END GROUP
LOAD c:/freescale/kds_v3/toolchain/bin/../lib/gcc/arm-none-eabi/4.8.4/armv6-m/crtend.o
LOAD c:/freescale/kds_v3/toolchain/bin/../lib/gcc/arm-none-eabi/4.8.4/armv6-m/crtn.o
                0x00000400                HEAP_SIZE = DEFINED (__heap_size__)?__heap_size__:0x400
                0x00000400                STACK_SIZE = DEFINED (__stack_size__)?__stack_size__:0x400
                0x00000000                M_VECTOR_RAM_SIZE = DEFINED (__ram_vector_table__)?0x100:0x0

.interrupts     0x00000000       0xc0
                0x00000000                __VECTOR_TABLE = .
                0x00000000                . = ALIGN (0x4)
 *(.isr_vector)
 .isr_vector    0x00000000       0xc0 ./startup/startup_MKL25Z4.o
                0x00000000                __isr_vector
                0x000000c0                . = ALIGN (0x4)

.flash_config   0x00000400       0x10
                0x00000400                . = ALIGN (0x4)
 *(.FlashConfig)
 .FlashConfig   0x00000400       0x10 ./startup/startup_MKL25Z4.o
                0x00000410                . = ALIGN (0x4)

.text           0x00000410     0x47d0
                0x00000410                . = ALIGN (0x4)
 *(.text)
 .text          0x00000410       0x60 c:/freescale/kds_v3/toolchain/bin/../lib/gcc/arm-none-eabi/4.8.4/armv6-m/crtbegin.o
 .text          0x00000470       0x78 c:/freescale/kds_v3/toolchain/bin/../lib/gcc/arm-none-eabi/4.8.4/../../../../arm-none-eabi/lib/armv6-m/crt0.o
                0x00000470                _start
                0x00000470                _mainCRTStartup
 .text          0x000004e8       0x18 ./startup/startup_MKL25Z4.o
                0x000004e8                Reset_Handler
                0x000004f8                HardFault_Handler
                0x000004f8                SysTick_Handler
                0x000004f8                PendSV_Handler
                0x000004f8                NMI_Handler
                0x000004f8                I2C1_IRQHandler
                0x000004f8                UART1_IRQHandler
                0x000004f8                DMA2_IRQHandler
                0x000004f8                TPM0_IRQHandler
                0x000004f8                LLWU_IRQHandler
                0x000004f8                TSI0_IRQHandler
                0x000004f8                UART0_IRQHandler
                0x000004f8                Reserved39_IRQHandler
                0x000004f8                SPI1_IRQHandler
                0x000004f8                DefaultISR
                0x000004f8                PORTD_IRQHandler
                0x000004f8                TPM2_IRQHandler
                0x000004f8                RTC_IRQHandler
                0x000004f8                I2C0_IRQHandler
                0x000004f8                RTC_Seconds_IRQHandler
                0x000004f8                MCG_IRQHandler
                0x000004f8                UART2_IRQHandler
                0x000004f8                Reserved20_IRQHandler
                0x000004f8                USB0_IRQHandler
                0x000004f8                PIT_IRQHandler
                0x000004f8                SVC_Handler
                0x000004f8                DMA3_IRQHandler
                0x000004f8                DAC0_IRQHandler
                0x000004f8                Reserved45_IRQHandler
                0x000004f8                TPM1_IRQHandler
                0x000004f8                LVD_LVW_IRQHandler
                0x000004f8                SPI0_IRQHandler
                0x000004f8                PORTA_IRQHandler
                0x000004f8                FTFA_IRQHandler
                0x000004f8                LPTMR0_IRQHandler
                0x000004f8                CMP0_IRQHandler
                0x000004f8                DMA1_IRQHandler
 .text          0x00000500       0x9c c:/freescale/kds_v3/toolchain/bin/../lib/gcc/arm-none-eabi/4.8.4/armv6-m\libgcc.a(_udivsi3.o)
                0x00000500                __aeabi_uidiv
                0x00000500                __udivsi3
                0x00000588                __aeabi_uidivmod
 .text          0x0000059c        0x4 c:/freescale/kds_v3/toolchain/bin/../lib/gcc/arm-none-eabi/4.8.4/armv6-m\libgcc.a(_dvmd_tls.o)
                0x0000059c                __aeabi_idiv0
                0x0000059c                __aeabi_ldiv0
 *(.text*)
 .text.UART_HAL_EnableTransmitter
                0x000005a0       0x1c ./utilities/fsl_debug_console.o
 .text.UART_HAL_EnableReceiver
                0x000005bc       0x1c ./utilities/fsl_debug_console.o
 .text.UART_HAL_SetBitCountPerChar
                0x000005d8       0x28 ./utilities/fsl_debug_console.o
 .text.UART_HAL_SetStopBitCount
                0x00000600       0x28 ./utilities/fsl_debug_console.o
 .text.LPSCI_HAL_EnableTransmitter
                0x00000628       0x1c ./utilities/fsl_debug_console.o
 .text.LPSCI_HAL_EnableReceiver
                0x00000644       0x1c ./utilities/fsl_debug_console.o
 .text.LPSCI_HAL_SetBitCountPerChar
                0x00000660       0x28 ./utilities/fsl_debug_console.o
 .text.LPSCI_HAL_SetStopBitCount
                0x00000688       0x28 ./utilities/fsl_debug_console.o
 .text.DbgConsole_Init
                0x000006b0      0x160 ./utilities/fsl_debug_console.o
                0x000006b0                DbgConsole_Init
 .text._write   0x00000810       0x5c ./utilities/fsl_debug_console.o
                0x00000810                _write
 .text._read    0x0000086c       0x48 ./utilities/fsl_debug_console.o
                0x0000086c                _read
 .text._sbrk    0x000008b4       0x5c ./utilities/fsl_misc_utilities.o
                0x000008b4                _sbrk
 .text.init_data_bss
                0x00000910       0xc8 ./startup/startup.o
                0x00000910                init_data_bss
 .text.SystemInit
                0x000009d8       0x18 ./startup/system_MKL25Z4.o
                0x000009d8                SystemInit
 .text.ADC_TEST_IRQHandler
                0x000009f0       0x7c ./source/fsl_adc_irq.o
 .text.ADC0_IRQHandler
                0x00000a6c       0x10 ./source/fsl_adc_irq.o
                0x00000a6c                ADC0_IRQHandler
 .text.enable_irq
                0x00000a7c       0x64 ./source/main.o
                0x00000a7c                enable_irq
 .text.disable_irq
                0x00000ae0       0x44 ./source/main.o
                0x00000ae0                disable_irq
 .text.set_irq_priority
                0x00000b24       0xb0 ./source/main.o
                0x00000b24                set_irq_priority
 .text.main     0x00000bd4       0xc8 ./source/main.o
                0x00000bd4                main
 .text.ADC_Init16b
                0x00000c9c       0x54 ./include_headers/adc.o
                0x00000c9c                ADC_Init16b
 .text.dma_init
                0x00000cf0       0xf8 ./include_headers/dma.o
                0x00000cf0                dma_init
 .text.DMA0_IRQHandler
                0x00000de8      0x11c ./include_headers/dma.o
                0x00000de8                DMA0_IRQHandler
 .text.PORT_HAL_SetMuxMode
                0x00000f04       0x4c ./board/board.o
 .text.CLOCK_HAL_SetLpsciSrc
                0x00000f50       0x30 ./board/board.o
 .text.CLOCK_SYS_SetLpsciSrc
                0x00000f80       0x2c ./board/board.o
 .text.SMC_HAL_SetProtection
                0x00000fac       0x1c ./board/board.o
 .text.BOARD_InitOsc0
                0x00000fc8       0x40 ./board/board.o
                0x00000fc8                BOARD_InitOsc0
 .text.CLOCK_SetBootConfig
                0x00001008       0x3c ./board/board.o
 .text.BOARD_ClockInit
                0x00001044       0x44 ./board/board.o
                0x00001044                BOARD_ClockInit
 .text.dbg_uart_init
                0x00001088       0x24 ./board/board.o
                0x00001088                dbg_uart_init
 .text.hardware_init
                0x000010ac       0x28 ./board/hardware_init.o
                0x000010ac                hardware_init
 .text.PORT_HAL_SetMuxMode
                0x000010d4       0x4c ./board/pin_mux.o
 .text.configure_lpsci_pins
                0x00001120       0x34 ./board/pin_mux.o
                0x00001120                configure_lpsci_pins
 .text.configure_dac_pins
                0x00001154       0x28 ./board/pin_mux.o
                0x00001154                configure_dac_pins
 .text.UART_HAL_SetBaudRate
                0x0000117c       0x6c C:/Freescale/KSDK_1.3.0/examples/frdmkl25z/demo_apps/adc_hw_trigger/pit/kds/../../../../../../lib/ksdk_platform_lib/kds/KL25Z4/debug/libksdk_platform.a(fsl_uart_hal.o)
                0x0000117c                UART_HAL_SetBaudRate
 .text.UART_HAL_SetParityMode
                0x000011e8       0x40 C:/Freescale/KSDK_1.3.0/examples/frdmkl25z/demo_apps/adc_hw_trigger/pit/kds/../../../../../../lib/ksdk_platform_lib/kds/KL25Z4/debug/libksdk_platform.a(fsl_uart_hal.o)
                0x000011e8                UART_HAL_SetParityMode
 .text.UART_HAL_Putchar
                0x00001228       0x34 C:/Freescale/KSDK_1.3.0/examples/frdmkl25z/demo_apps/adc_hw_trigger/pit/kds/../../../../../../lib/ksdk_platform_lib/kds/KL25Z4/debug/libksdk_platform.a(fsl_uart_hal.o)
                0x00001228                UART_HAL_Putchar
 .text.UART_HAL_Getchar
                0x0000125c       0x34 C:/Freescale/KSDK_1.3.0/examples/frdmkl25z/demo_apps/adc_hw_trigger/pit/kds/../../../../../../lib/ksdk_platform_lib/kds/KL25Z4/debug/libksdk_platform.a(fsl_uart_hal.o)
                0x0000125c                UART_HAL_Getchar
 .text.UART_HAL_SendDataPolling
                0x00001290       0x44 C:/Freescale/KSDK_1.3.0/examples/frdmkl25z/demo_apps/adc_hw_trigger/pit/kds/../../../../../../lib/ksdk_platform_lib/kds/KL25Z4/debug/libksdk_platform.a(fsl_uart_hal.o)
                0x00001290                UART_HAL_SendDataPolling
 .text.UART_HAL_ReceiveDataPolling
                0x000012d4       0xa4 C:/Freescale/KSDK_1.3.0/examples/frdmkl25z/demo_apps/adc_hw_trigger/pit/kds/../../../../../../lib/ksdk_platform_lib/kds/KL25Z4/debug/libksdk_platform.a(fsl_uart_hal.o)
                0x000012d4                UART_HAL_ReceiveDataPolling
 .text.CLOCK_HAL_SetOutDiv
                0x00001378       0x50 C:/Freescale/KSDK_1.3.0/examples/frdmkl25z/demo_apps/adc_hw_trigger/pit/kds/../../../../../../lib/ksdk_platform_lib/kds/KL25Z4/debug/libksdk_platform.a(fsl_sim_hal_MKL25Z4.o)
                0x00001378                CLOCK_HAL_SetOutDiv
 .text.LPSCI_HAL_Putchar
                0x000013c8       0x1c C:/Freescale/KSDK_1.3.0/examples/frdmkl25z/demo_apps/adc_hw_trigger/pit/kds/../../../../../../lib/ksdk_platform_lib/kds/KL25Z4/debug/libksdk_platform.a(fsl_lpsci_hal.o)
 .text.LPSCI_HAL_Getchar
                0x000013e4       0x1c C:/Freescale/KSDK_1.3.0/examples/frdmkl25z/demo_apps/adc_hw_trigger/pit/kds/../../../../../../lib/ksdk_platform_lib/kds/KL25Z4/debug/libksdk_platform.a(fsl_lpsci_hal.o)
 .text.LPSCI_HAL_SetBaudRate
                0x00001400      0x14c C:/Freescale/KSDK_1.3.0/examples/frdmkl25z/demo_apps/adc_hw_trigger/pit/kds/../../../../../../lib/ksdk_platform_lib/kds/KL25Z4/debug/libksdk_platform.a(fsl_lpsci_hal.o)
                0x00001400                LPSCI_HAL_SetBaudRate
 .text.LPSCI_HAL_SetParityMode
                0x0000154c       0x40 C:/Freescale/KSDK_1.3.0/examples/frdmkl25z/demo_apps/adc_hw_trigger/pit/kds/../../../../../../lib/ksdk_platform_lib/kds/KL25Z4/debug/libksdk_platform.a(fsl_lpsci_hal.o)
                0x0000154c                LPSCI_HAL_SetParityMode
 .text.LPSCI_HAL_SendDataPolling
                0x0000158c       0x44 C:/Freescale/KSDK_1.3.0/examples/frdmkl25z/demo_apps/adc_hw_trigger/pit/kds/../../../../../../lib/ksdk_platform_lib/kds/KL25Z4/debug/libksdk_platform.a(fsl_lpsci_hal.o)
                0x0000158c                LPSCI_HAL_SendDataPolling
 .text.LPSCI_HAL_ReceiveDataPolling
                0x000015d0       0x88 C:/Freescale/KSDK_1.3.0/examples/frdmkl25z/demo_apps/adc_hw_trigger/pit/kds/../../../../../../lib/ksdk_platform_lib/kds/KL25Z4/debug/libksdk_platform.a(fsl_lpsci_hal.o)
                0x000015d0                LPSCI_HAL_ReceiveDataPolling
 .text.SIM_HAL_EnableClock
                0x00001658       0x58 C:/Freescale/KSDK_1.3.0/examples/frdmkl25z/demo_apps/adc_hw_trigger/pit/kds/../../../../../../lib/ksdk_platform_lib/kds/KL25Z4/debug/libksdk_platform.a(fsl_clock_MKL25Z4.o)
 .text.CLOCK_HAL_GetLpsciSrc
                0x000016b0       0x28 C:/Freescale/KSDK_1.3.0/examples/frdmkl25z/demo_apps/adc_hw_trigger/pit/kds/../../../../../../lib/ksdk_platform_lib/kds/KL25Z4/debug/libksdk_platform.a(fsl_clock_MKL25Z4.o)
 .text.CLOCK_HAL_SetExternalRefClock32kSrc
                0x000016d8       0x28 C:/Freescale/KSDK_1.3.0/examples/frdmkl25z/demo_apps/adc_hw_trigger/pit/kds/../../../../../../lib/ksdk_platform_lib/kds/KL25Z4/debug/libksdk_platform.a(fsl_clock_MKL25Z4.o)
 .text.CLOCK_HAL_SetPllfllSel
                0x00001700       0x2c C:/Freescale/KSDK_1.3.0/examples/frdmkl25z/demo_apps/adc_hw_trigger/pit/kds/../../../../../../lib/ksdk_platform_lib/kds/KL25Z4/debug/libksdk_platform.a(fsl_clock_MKL25Z4.o)
 .text.CLOCK_HAL_GetPllfllSel
                0x0000172c       0x24 C:/Freescale/KSDK_1.3.0/examples/frdmkl25z/demo_apps/adc_hw_trigger/pit/kds/../../../../../../lib/ksdk_platform_lib/kds/KL25Z4/debug/libksdk_platform.a(fsl_clock_MKL25Z4.o)
 .text.CLOCK_HAL_GetOutDiv1
                0x00001750       0x28 C:/Freescale/KSDK_1.3.0/examples/frdmkl25z/demo_apps/adc_hw_trigger/pit/kds/../../../../../../lib/ksdk_platform_lib/kds/KL25Z4/debug/libksdk_platform.a(fsl_clock_MKL25Z4.o)
 .text.CLOCK_HAL_GetOutDiv4
                0x00001778       0x28 C:/Freescale/KSDK_1.3.0/examples/frdmkl25z/demo_apps/adc_hw_trigger/pit/kds/../../../../../../lib/ksdk_platform_lib/kds/KL25Z4/debug/libksdk_platform.a(fsl_clock_MKL25Z4.o)
 .text.OSC_HAL_GetExternalRefClkCmd
                0x000017a0       0x24 C:/Freescale/KSDK_1.3.0/examples/frdmkl25z/demo_apps/adc_hw_trigger/pit/kds/../../../../../../lib/ksdk_platform_lib/kds/KL25Z4/debug/libksdk_platform.a(fsl_clock_MKL25Z4.o)
 .text.CLOCK_SYS_SetSimConfigration
                0x000017c4       0x48 C:/Freescale/KSDK_1.3.0/examples/frdmkl25z/demo_apps/adc_hw_trigger/pit/kds/../../../../../../lib/ksdk_platform_lib/kds/KL25Z4/debug/libksdk_platform.a(fsl_clock_MKL25Z4.o)
                0x000017c4                CLOCK_SYS_SetSimConfigration
 .text.CLOCK_SYS_GetSystemClockFreq
                0x0000180c       0x34 C:/Freescale/KSDK_1.3.0/examples/frdmkl25z/demo_apps/adc_hw_trigger/pit/kds/../../../../../../lib/ksdk_platform_lib/kds/KL25Z4/debug/libksdk_platform.a(fsl_clock_MKL25Z4.o)
                0x0000180c                CLOCK_SYS_GetSystemClockFreq
 .text.CLOCK_SYS_GetBusClockFreq
                0x00001840       0x2c C:/Freescale/KSDK_1.3.0/examples/frdmkl25z/demo_apps/adc_hw_trigger/pit/kds/../../../../../../lib/ksdk_platform_lib/kds/KL25Z4/debug/libksdk_platform.a(fsl_clock_MKL25Z4.o)
                0x00001840                CLOCK_SYS_GetBusClockFreq
 .text.CLOCK_SYS_GetPllFllClockFreq
                0x0000186c       0x5c C:/Freescale/KSDK_1.3.0/examples/frdmkl25z/demo_apps/adc_hw_trigger/pit/kds/../../../../../../lib/ksdk_platform_lib/kds/KL25Z4/debug/libksdk_platform.a(fsl_clock_MKL25Z4.o)
                0x0000186c                CLOCK_SYS_GetPllFllClockFreq
 .text.CLOCK_SYS_GetOsc0ExternalRefClockFreq
                0x000018c8       0x2c C:/Freescale/KSDK_1.3.0/examples/frdmkl25z/demo_apps/adc_hw_trigger/pit/kds/../../../../../../lib/ksdk_platform_lib/kds/KL25Z4/debug/libksdk_platform.a(fsl_clock_MKL25Z4.o)
                0x000018c8                CLOCK_SYS_GetOsc0ExternalRefClockFreq
 .text.CLOCK_SYS_GetLpsciFreq
                0x000018f4       0x68 C:/Freescale/KSDK_1.3.0/examples/frdmkl25z/demo_apps/adc_hw_trigger/pit/kds/../../../../../../lib/ksdk_platform_lib/kds/KL25Z4/debug/libksdk_platform.a(fsl_clock_MKL25Z4.o)
                0x000018f4                CLOCK_SYS_GetLpsciFreq
 .text.CLOCK_SYS_GetUartFreq
                0x0000195c       0x2c C:/Freescale/KSDK_1.3.0/examples/frdmkl25z/demo_apps/adc_hw_trigger/pit/kds/../../../../../../lib/ksdk_platform_lib/kds/KL25Z4/debug/libksdk_platform.a(fsl_clock_MKL25Z4.o)
                0x0000195c                CLOCK_SYS_GetUartFreq
 .text.CLOCK_SYS_EnablePortClock
                0x00001988       0x4c C:/Freescale/KSDK_1.3.0/examples/frdmkl25z/demo_apps/adc_hw_trigger/pit/kds/../../../../../../lib/ksdk_platform_lib/kds/KL25Z4/debug/libksdk_platform.a(fsl_clock_MKL25Z4.o)
                0x00001988                CLOCK_SYS_EnablePortClock
 .text.CLOCK_SYS_EnableLpsciClock
                0x000019d4       0x40 C:/Freescale/KSDK_1.3.0/examples/frdmkl25z/demo_apps/adc_hw_trigger/pit/kds/../../../../../../lib/ksdk_platform_lib/kds/KL25Z4/debug/libksdk_platform.a(fsl_clock_MKL25Z4.o)
                0x000019d4                CLOCK_SYS_EnableLpsciClock
 .text.CLOCK_SYS_EnableUartClock
                0x00001a14       0x4c C:/Freescale/KSDK_1.3.0/examples/frdmkl25z/demo_apps/adc_hw_trigger/pit/kds/../../../../../../lib/ksdk_platform_lib/kds/KL25Z4/debug/libksdk_platform.a(fsl_clock_MKL25Z4.o)
                0x00001a14                CLOCK_SYS_EnableUartClock
 .text.CLOCK_HAL_SetClkOutSrc
                0x00001a60       0x28 C:/Freescale/KSDK_1.3.0/examples/frdmkl25z/demo_apps/adc_hw_trigger/pit/kds/../../../../../../lib/ksdk_platform_lib/kds/KL25Z4/debug/libksdk_platform.a(fsl_clock_manager.o)
 .text.CLOCK_HAL_SetClksFrdivIrefs
                0x00001a88       0x60 C:/Freescale/KSDK_1.3.0/examples/frdmkl25z/demo_apps/adc_hw_trigger/pit/kds/../../../../../../lib/ksdk_platform_lib/kds/KL25Z4/debug/libksdk_platform.a(fsl_clock_manager.o)
 .text.CLOCK_HAL_GetClkOutStat
                0x00001ae8       0x20 C:/Freescale/KSDK_1.3.0/examples/frdmkl25z/demo_apps/adc_hw_trigger/pit/kds/../../../../../../lib/ksdk_platform_lib/kds/KL25Z4/debug/libksdk_platform.a(fsl_clock_manager.o)
 .text.CLOCK_HAL_GetFllSrc
                0x00001b08       0x20 C:/Freescale/KSDK_1.3.0/examples/frdmkl25z/demo_apps/adc_hw_trigger/pit/kds/../../../../../../lib/ksdk_platform_lib/kds/KL25Z4/debug/libksdk_platform.a(fsl_clock_manager.o)
 .text.CLOCK_HAL_IsOsc0Stable
                0x00001b28       0x24 C:/Freescale/KSDK_1.3.0/examples/frdmkl25z/demo_apps/adc_hw_trigger/pit/kds/../../../../../../lib/ksdk_platform_lib/kds/KL25Z4/debug/libksdk_platform.a(fsl_clock_manager.o)
 .text.OSC_HAL_SetExternalRefClkCmd
                0x00001b4c       0x28 C:/Freescale/KSDK_1.3.0/examples/frdmkl25z/demo_apps/adc_hw_trigger/pit/kds/../../../../../../lib/ksdk_platform_lib/kds/KL25Z4/debug/libksdk_platform.a(fsl_clock_manager.o)
 .text.OSC_HAL_SetExternalRefClkInStopModeCmd
                0x00001b74       0x28 C:/Freescale/KSDK_1.3.0/examples/frdmkl25z/demo_apps/adc_hw_trigger/pit/kds/../../../../../../lib/ksdk_platform_lib/kds/KL25Z4/debug/libksdk_platform.a(fsl_clock_manager.o)
 .text.CLOCK_SYS_BootToPee
                0x00001b9c       0xd0 C:/Freescale/KSDK_1.3.0/examples/frdmkl25z/demo_apps/adc_hw_trigger/pit/kds/../../../../../../lib/ksdk_platform_lib/kds/KL25Z4/debug/libksdk_platform.a(fsl_clock_manager.o)
                0x00001b9c                CLOCK_SYS_BootToPee
 .text.CLOCK_SYS_OscInit
                0x00001c6c       0xf0 C:/Freescale/KSDK_1.3.0/examples/frdmkl25z/demo_apps/adc_hw_trigger/pit/kds/../../../../../../lib/ksdk_platform_lib/kds/KL25Z4/debug/libksdk_platform.a(fsl_clock_manager.o)
                0x00001c6c                CLOCK_SYS_OscInit
 .text.CLOCK_SYS_SetOscerConfigration
                0x00001d5c       0x3c C:/Freescale/KSDK_1.3.0/examples/frdmkl25z/demo_apps/adc_hw_trigger/pit/kds/../../../../../../lib/ksdk_platform_lib/kds/KL25Z4/debug/libksdk_platform.a(fsl_clock_manager.o)
                0x00001d5c                CLOCK_SYS_SetOscerConfigration
 .text.ADC16_HAL_GetChnConvCompletedFlag
                0x00001d98       0x4c C:/Freescale/KSDK_1.3.0/examples/frdmkl25z/demo_apps/adc_hw_trigger/pit/kds/../../../../../../lib/ksdk_platform_lib/kds/KL25Z4/debug/libksdk_platform.a(fsl_adc16_driver.o)
 .text.ADC16_HAL_GetChnConvValue
                0x00001de4       0x48 C:/Freescale/KSDK_1.3.0/examples/frdmkl25z/demo_apps/adc_hw_trigger/pit/kds/../../../../../../lib/ksdk_platform_lib/kds/KL25Z4/debug/libksdk_platform.a(fsl_adc16_driver.o)
 .text.ADC16_DRV_GetConvValueRAW
                0x00001e2c       0x50 C:/Freescale/KSDK_1.3.0/examples/frdmkl25z/demo_apps/adc_hw_trigger/pit/kds/../../../../../../lib/ksdk_platform_lib/kds/KL25Z4/debug/libksdk_platform.a(fsl_adc16_driver.o)
                0x00001e2c                ADC16_DRV_GetConvValueRAW
 .text.ADC16_DRV_GetChnFlag
                0x00001e7c       0x74 C:/Freescale/KSDK_1.3.0/examples/frdmkl25z/demo_apps/adc_hw_trigger/pit/kds/../../../../../../lib/ksdk_platform_lib/kds/KL25Z4/debug/libksdk_platform.a(fsl_adc16_driver.o)
                0x00001e7c                ADC16_DRV_GetChnFlag
 .text.OSC_HAL_SetCapacitor
                0x00001ef0       0x28 C:/Freescale/KSDK_1.3.0/examples/frdmkl25z/demo_apps/adc_hw_trigger/pit/kds/../../../../../../lib/ksdk_platform_lib/kds/KL25Z4/debug/libksdk_platform.a(fsl_osc_hal.o)
                0x00001ef0                OSC_HAL_SetCapacitor
 .text.CLOCK_HAL_GetClkOutStat
                0x00001f18       0x20 C:/Freescale/KSDK_1.3.0/examples/frdmkl25z/demo_apps/adc_hw_trigger/pit/kds/../../../../../../lib/ksdk_platform_lib/kds/KL25Z4/debug/libksdk_platform.a(fsl_mcg_hal.o)
 .text.CLOCK_HAL_SetInternalRefClkMode
                0x00001f38       0x24 C:/Freescale/KSDK_1.3.0/examples/frdmkl25z/demo_apps/adc_hw_trigger/pit/kds/../../../../../../lib/ksdk_platform_lib/kds/KL25Z4/debug/libksdk_platform.a(fsl_mcg_hal.o)
 .text.CLOCK_HAL_GetInternalRefClkMode
                0x00001f5c       0x20 C:/Freescale/KSDK_1.3.0/examples/frdmkl25z/demo_apps/adc_hw_trigger/pit/kds/../../../../../../lib/ksdk_platform_lib/kds/KL25Z4/debug/libksdk_platform.a(fsl_mcg_hal.o)
 .text.CLOCK_HAL_IsPllSelected
                0x00001f7c       0x24 C:/Freescale/KSDK_1.3.0/examples/frdmkl25z/demo_apps/adc_hw_trigger/pit/kds/../../../../../../lib/ksdk_platform_lib/kds/KL25Z4/debug/libksdk_platform.a(fsl_mcg_hal.o)
 .text.CLOCK_HAL_IsOsc0Stable
                0x00001fa0       0x24 C:/Freescale/KSDK_1.3.0/examples/frdmkl25z/demo_apps/adc_hw_trigger/pit/kds/../../../../../../lib/ksdk_platform_lib/kds/KL25Z4/debug/libksdk_platform.a(fsl_mcg_hal.o)
 .text.CLOCK_HAL_PrepareOsc
                0x00001fc4       0x3c C:/Freescale/KSDK_1.3.0/examples/frdmkl25z/demo_apps/adc_hw_trigger/pit/kds/../../../../../../lib/ksdk_platform_lib/kds/KL25Z4/debug/libksdk_platform.a(fsl_mcg_hal.o)
                0x00001fc4                CLOCK_HAL_PrepareOsc
 .text.CLOCK_HAL_GetMcgExternalClkFreq
                0x00002000       0x18 C:/Freescale/KSDK_1.3.0/examples/frdmkl25z/demo_apps/adc_hw_trigger/pit/kds/../../../../../../lib/ksdk_platform_lib/kds/KL25Z4/debug/libksdk_platform.a(fsl_mcg_hal.o)
 .text.CLOCK_HAL_TestFllExternalRefFreq
                0x00002018       0x7c C:/Freescale/KSDK_1.3.0/examples/frdmkl25z/demo_apps/adc_hw_trigger/pit/kds/../../../../../../lib/ksdk_platform_lib/kds/KL25Z4/debug/libksdk_platform.a(fsl_mcg_hal.o)
                0x00002018                CLOCK_HAL_TestFllExternalRefFreq
 .text.CLOCK_HAL_GetFllRefClk
                0x00002094       0x8c C:/Freescale/KSDK_1.3.0/examples/frdmkl25z/demo_apps/adc_hw_trigger/pit/kds/../../../../../../lib/ksdk_platform_lib/kds/KL25Z4/debug/libksdk_platform.a(fsl_mcg_hal.o)
                0x00002094                CLOCK_HAL_GetFllRefClk
 .text.CLOCK_HAL_TestFllFreq
                0x00002120       0x6c C:/Freescale/KSDK_1.3.0/examples/frdmkl25z/demo_apps/adc_hw_trigger/pit/kds/../../../../../../lib/ksdk_platform_lib/kds/KL25Z4/debug/libksdk_platform.a(fsl_mcg_hal.o)
                0x00002120                CLOCK_HAL_TestFllFreq
 .text.CLOCK_HAL_GetFllClk
                0x0000218c       0x7c C:/Freescale/KSDK_1.3.0/examples/frdmkl25z/demo_apps/adc_hw_trigger/pit/kds/../../../../../../lib/ksdk_platform_lib/kds/KL25Z4/debug/libksdk_platform.a(fsl_mcg_hal.o)
                0x0000218c                CLOCK_HAL_GetFllClk
 .text.CLOCK_HAL_UpdateFastClkInternalRefDiv
                0x00002208       0xb8 C:/Freescale/KSDK_1.3.0/examples/frdmkl25z/demo_apps/adc_hw_trigger/pit/kds/../../../../../../lib/ksdk_platform_lib/kds/KL25Z4/debug/libksdk_platform.a(fsl_mcg_hal.o)
                0x00002208                CLOCK_HAL_UpdateFastClkInternalRefDiv
 .text.CLOCK_HAL_UpdateInternalRefClk
                0x000022c0       0x8c C:/Freescale/KSDK_1.3.0/examples/frdmkl25z/demo_apps/adc_hw_trigger/pit/kds/../../../../../../lib/ksdk_platform_lib/kds/KL25Z4/debug/libksdk_platform.a(fsl_mcg_hal.o)
                0x000022c0                CLOCK_HAL_UpdateInternalRefClk
 .text.CLOCK_HAL_GetPll0RefFreq
                0x0000234c       0x1c C:/Freescale/KSDK_1.3.0/examples/frdmkl25z/demo_apps/adc_hw_trigger/pit/kds/../../../../../../lib/ksdk_platform_lib/kds/KL25Z4/debug/libksdk_platform.a(fsl_mcg_hal.o)
                0x0000234c                CLOCK_HAL_GetPll0RefFreq
 .text.CLOCK_HAL_GetPll0Clk
                0x00002368       0x90 C:/Freescale/KSDK_1.3.0/examples/frdmkl25z/demo_apps/adc_hw_trigger/pit/kds/../../../../../../lib/ksdk_platform_lib/kds/KL25Z4/debug/libksdk_platform.a(fsl_mcg_hal.o)
                0x00002368                CLOCK_HAL_GetPll0Clk
 .text.CLOCK_HAL_GetInternalRefClk
                0x000023f8       0x64 C:/Freescale/KSDK_1.3.0/examples/frdmkl25z/demo_apps/adc_hw_trigger/pit/kds/../../../../../../lib/ksdk_platform_lib/kds/KL25Z4/debug/libksdk_platform.a(fsl_mcg_hal.o)
                0x000023f8                CLOCK_HAL_GetInternalRefClk
 .text.CLOCK_HAL_GetOutClk
                0x0000245c       0x7c C:/Freescale/KSDK_1.3.0/examples/frdmkl25z/demo_apps/adc_hw_trigger/pit/kds/../../../../../../lib/ksdk_platform_lib/kds/KL25Z4/debug/libksdk_platform.a(fsl_mcg_hal.o)
                0x0000245c                CLOCK_HAL_GetOutClk
 .text.CLOCK_HAL_SetOsc0Mode
                0x000024d8       0x68 C:/Freescale/KSDK_1.3.0/examples/frdmkl25z/demo_apps/adc_hw_trigger/pit/kds/../../../../../../lib/ksdk_platform_lib/kds/KL25Z4/debug/libksdk_platform.a(fsl_mcg_hal.o)
                0x000024d8                CLOCK_HAL_SetOsc0Mode
 .text.CLOCK_HAL_GetClkOutStat
                0x00002540       0x20 C:/Freescale/KSDK_1.3.0/examples/frdmkl25z/demo_apps/adc_hw_trigger/pit/kds/../../../../../../lib/ksdk_platform_lib/kds/KL25Z4/debug/libksdk_platform.a(fsl_mcg_hal_modes.o)
 .text.CLOCK_HAL_SetPll0EnableCmd
                0x00002560       0x28 C:/Freescale/KSDK_1.3.0/examples/frdmkl25z/demo_apps/adc_hw_trigger/pit/kds/../../../../../../lib/ksdk_platform_lib/kds/KL25Z4/debug/libksdk_platform.a(fsl_mcg_hal_modes.o)
 .text.CLOCK_HAL_IsPll0Locked
                0x00002588       0x24 C:/Freescale/KSDK_1.3.0/examples/frdmkl25z/demo_apps/adc_hw_trigger/pit/kds/../../../../../../lib/ksdk_platform_lib/kds/KL25Z4/debug/libksdk_platform.a(fsl_mcg_hal_modes.o)
 .text.CLOCK_HAL_IsPllSelected
                0x000025ac       0x24 C:/Freescale/KSDK_1.3.0/examples/frdmkl25z/demo_apps/adc_hw_trigger/pit/kds/../../../../../../lib/ksdk_platform_lib/kds/KL25Z4/debug/libksdk_platform.a(fsl_mcg_hal_modes.o)
 .text.CLOCK_HAL_SetPbeMode
                0x000025d0      0x100 C:/Freescale/KSDK_1.3.0/examples/frdmkl25z/demo_apps/adc_hw_trigger/pit/kds/../../../../../../lib/ksdk_platform_lib/kds/KL25Z4/debug/libksdk_platform.a(fsl_mcg_hal_modes.o)
                0x000025d0                CLOCK_HAL_SetPbeMode
 .text.__assert_func
                0x000026d0       0x3c c:/freescale/kds_v3/toolchain/bin/../lib/gcc/arm-none-eabi/4.8.4/../../../../arm-none-eabi/lib/armv6-m\libg_s.a(lib_a-assert.o)
                0x000026d0                __assert_func
 .text.__errno  0x0000270c        0xc c:/freescale/kds_v3/toolchain/bin/../lib/gcc/arm-none-eabi/4.8.4/../../../../arm-none-eabi/lib/armv6-m\libg_s.a(lib_a-errno.o)
                0x0000270c                __errno
 .text.exit     0x00002718       0x2c c:/freescale/kds_v3/toolchain/bin/../lib/gcc/arm-none-eabi/4.8.4/../../../../arm-none-eabi/lib/armv6-m\libg_s.a(lib_a-exit.o)
                0x00002718                exit
 .text.fprintf  0x00002744       0x24 c:/freescale/kds_v3/toolchain/bin/../lib/gcc/arm-none-eabi/4.8.4/../../../../arm-none-eabi/lib/armv6-m\libg_s.a(lib_a-fprintf.o)
                0x00002744                fiprintf
                0x00002744                fprintf
 .text.__libc_init_array
                0x00002768       0x4c c:/freescale/kds_v3/toolchain/bin/../lib/gcc/arm-none-eabi/4.8.4/../../../../arm-none-eabi/lib/armv6-m\libg_s.a(lib_a-init.o)
                0x00002768                __libc_init_array
 .text.memset   0x000027b4       0x10 c:/freescale/kds_v3/toolchain/bin/../lib/gcc/arm-none-eabi/4.8.4/../../../../arm-none-eabi/lib/armv6-m\libg_s.a(lib_a-memset.o)
                0x000027b4                memset
 .text._free_r  0x000027c4       0x90 c:/freescale/kds_v3/toolchain/bin/../lib/gcc/arm-none-eabi/4.8.4/../../../../arm-none-eabi/lib/armv6-m\libg_s.a(lib_a-nano-freer.o)
                0x000027c4                _free_r
 .text._malloc_r
                0x00002854       0xa8 c:/freescale/kds_v3/toolchain/bin/../lib/gcc/arm-none-eabi/4.8.4/../../../../arm-none-eabi/lib/armv6-m\libg_s.a(lib_a-nano-mallocr.o)
                0x00002854                _malloc_r
 .text.printf   0x000028fc       0x34 c:/freescale/kds_v3/toolchain/bin/../lib/gcc/arm-none-eabi/4.8.4/../../../../arm-none-eabi/lib/armv6-m\libg_s.a(lib_a-printf.o)
                0x000028fc                iprintf
                0x000028fc                printf
 .text._sbrk_r  0x00002930       0x24 c:/freescale/kds_v3/toolchain/bin/../lib/gcc/arm-none-eabi/4.8.4/../../../../arm-none-eabi/lib/armv6-m\libg_s.a(lib_a-sbrkr.o)
                0x00002930                _sbrk_r
 .text.scanf    0x00002954       0x34 c:/freescale/kds_v3/toolchain/bin/../lib/gcc/arm-none-eabi/4.8.4/../../../../arm-none-eabi/lib/armv6-m\libg_s.a(lib_a-scanf.o)
                0x00002954                scanf
                0x00002954                iscanf
 .text.strlen   0x00002988        0xe c:/freescale/kds_v3/toolchain/bin/../lib/gcc/arm-none-eabi/4.8.4/../../../../arm-none-eabi/lib/armv6-m\libg_s.a(lib_a-strlen.o)
                0x00002988                strlen
 .text.__sfputc_r
                0x00002996       0x2a c:/freescale/kds_v3/toolchain/bin/../lib/gcc/arm-none-eabi/4.8.4/../../../../arm-none-eabi/lib/armv6-m\libg_s.a(lib_a-vfprintf.o)
 .text.__sfputs_r
                0x000029c0       0x24 c:/freescale/kds_v3/toolchain/bin/../lib/gcc/arm-none-eabi/4.8.4/../../../../arm-none-eabi/lib/armv6-m\libg_s.a(lib_a-vfprintf.o)
                0x000029c0                __sfputs_r
 .text._vfprintf_r
                0x000029e4      0x210 c:/freescale/kds_v3/toolchain/bin/../lib/gcc/arm-none-eabi/4.8.4/../../../../arm-none-eabi/lib/armv6-m\libg_s.a(lib_a-vfprintf.o)
                0x000029e4                _vfprintf_r
                0x000029e4                _vfiprintf_r
 .text._printf_common
                0x00002bf4       0xe8 c:/freescale/kds_v3/toolchain/bin/../lib/gcc/arm-none-eabi/4.8.4/../../../../arm-none-eabi/lib/armv6-m\libg_s.a(lib_a-vfprintf_i.o)
                0x00002bf4                _printf_common
 .text._printf_i
                0x00002cdc      0x22c c:/freescale/kds_v3/toolchain/bin/../lib/gcc/arm-none-eabi/4.8.4/../../../../arm-none-eabi/lib/armv6-m\libg_s.a(lib_a-vfprintf_i.o)
                0x00002cdc                _printf_i
 .text.__svfscanf_r
                0x00002f08      0x2b0 c:/freescale/kds_v3/toolchain/bin/../lib/gcc/arm-none-eabi/4.8.4/../../../../arm-none-eabi/lib/armv6-m\libg_s.a(lib_a-vfscanf.o)
                0x00002f08                __svfscanf_r
                0x00002f08                __svfiscanf_r
 .text._vfscanf_r
                0x000031b8       0x50 c:/freescale/kds_v3/toolchain/bin/../lib/gcc/arm-none-eabi/4.8.4/../../../../arm-none-eabi/lib/armv6-m\libg_s.a(lib_a-vfscanf.o)
                0x000031b8                _vfscanf_r
                0x000031b8                _vfiscanf_r
 .text._scanf_chars
                0x00003208       0xc8 c:/freescale/kds_v3/toolchain/bin/../lib/gcc/arm-none-eabi/4.8.4/../../../../arm-none-eabi/lib/armv6-m\libg_s.a(lib_a-vfscanf_i.o)
                0x00003208                _scanf_chars
 .text._scanf_i
                0x000032d0      0x1fc c:/freescale/kds_v3/toolchain/bin/../lib/gcc/arm-none-eabi/4.8.4/../../../../arm-none-eabi/lib/armv6-m\libg_s.a(lib_a-vfscanf_i.o)
                0x000032d0                _scanf_i
 .text.__swbuf_r
                0x000034cc       0xb0 c:/freescale/kds_v3/toolchain/bin/../lib/gcc/arm-none-eabi/4.8.4/../../../../arm-none-eabi/lib/armv6-m\libg_s.a(lib_a-wbuf.o)
                0x000034cc                __swbuf_r
 .text.__swsetup_r
                0x0000357c       0xe4 c:/freescale/kds_v3/toolchain/bin/../lib/gcc/arm-none-eabi/4.8.4/../../../../arm-none-eabi/lib/armv6-m\libg_s.a(lib_a-wsetup.o)
                0x0000357c                __swsetup_r
 .text.abort    0x00003660        0xe c:/freescale/kds_v3/toolchain/bin/../lib/gcc/arm-none-eabi/4.8.4/../../../../arm-none-eabi/lib/armv6-m\libg_s.a(lib_a-abort.o)
                0x00003660                abort
 .text.__sflush_r
                0x0000366e      0x112 c:/freescale/kds_v3/toolchain/bin/../lib/gcc/arm-none-eabi/4.8.4/../../../../arm-none-eabi/lib/armv6-m\libg_s.a(lib_a-fflush.o)
                0x0000366e                __sflush_r
 .text._fflush_r
                0x00003780       0x58 c:/freescale/kds_v3/toolchain/bin/../lib/gcc/arm-none-eabi/4.8.4/../../../../arm-none-eabi/lib/armv6-m\libg_s.a(lib_a-fflush.o)
                0x00003780                _fflush_r
 .text.fflush   0x000037d8       0x28 c:/freescale/kds_v3/toolchain/bin/../lib/gcc/arm-none-eabi/4.8.4/../../../../arm-none-eabi/lib/armv6-m\libg_s.a(lib_a-fflush.o)
                0x000037d8                fflush
 .text._cleanup_r
                0x00003800       0x34 c:/freescale/kds_v3/toolchain/bin/../lib/gcc/arm-none-eabi/4.8.4/../../../../arm-none-eabi/lib/armv6-m\libg_s.a(lib_a-findfp.o)
                0x00003800                _cleanup_r
 .text.std.isra.0
                0x00003834       0x48 c:/freescale/kds_v3/toolchain/bin/../lib/gcc/arm-none-eabi/4.8.4/../../../../arm-none-eabi/lib/armv6-m\libg_s.a(lib_a-findfp.o)
 .text.__sfmoreglue
                0x0000387c       0x2c c:/freescale/kds_v3/toolchain/bin/../lib/gcc/arm-none-eabi/4.8.4/../../../../arm-none-eabi/lib/armv6-m\libg_s.a(lib_a-findfp.o)
                0x0000387c                __sfmoreglue
 .text.__sinit  0x000038a8       0x64 c:/freescale/kds_v3/toolchain/bin/../lib/gcc/arm-none-eabi/4.8.4/../../../../arm-none-eabi/lib/armv6-m\libg_s.a(lib_a-findfp.o)
                0x000038a8                __sinit
 .text.__sfp    0x0000390c       0x7c c:/freescale/kds_v3/toolchain/bin/../lib/gcc/arm-none-eabi/4.8.4/../../../../arm-none-eabi/lib/armv6-m\libg_s.a(lib_a-findfp.o)
                0x0000390c                __sfp
 .text._fwalk   0x00003988       0x38 c:/freescale/kds_v3/toolchain/bin/../lib/gcc/arm-none-eabi/4.8.4/../../../../arm-none-eabi/lib/armv6-m\libg_s.a(lib_a-fwalk.o)
                0x00003988                _fwalk
 .text._fwalk_reent
                0x000039c0       0x42 c:/freescale/kds_v3/toolchain/bin/../lib/gcc/arm-none-eabi/4.8.4/../../../../arm-none-eabi/lib/armv6-m\libg_s.a(lib_a-fwalk.o)
                0x000039c0                _fwalk_reent
 *fill*         0x00003a02        0x2 
 .text.__smakebuf_r
                0x00003a04       0xa0 c:/freescale/kds_v3/toolchain/bin/../lib/gcc/arm-none-eabi/4.8.4/../../../../arm-none-eabi/lib/armv6-m\libg_s.a(lib_a-makebuf.o)
                0x00003a04                __smakebuf_r
 .text.memchr   0x00003aa4       0x16 c:/freescale/kds_v3/toolchain/bin/../lib/gcc/arm-none-eabi/4.8.4/../../../../arm-none-eabi/lib/armv6-m\libg_s.a(lib_a-memchr-stub.o)
                0x00003aa4                memchr
 .text.memcpy   0x00003aba       0x12 c:/freescale/kds_v3/toolchain/bin/../lib/gcc/arm-none-eabi/4.8.4/../../../../arm-none-eabi/lib/armv6-m\libg_s.a(lib_a-memcpy-stub.o)
                0x00003aba                memcpy
 .text._realloc_r
                0x00003acc       0x4c c:/freescale/kds_v3/toolchain/bin/../lib/gcc/arm-none-eabi/4.8.4/../../../../arm-none-eabi/lib/armv6-m\libg_s.a(lib_a-nano-reallocr.o)
                0x00003acc                _realloc_r
 .text.lflush   0x00003b18       0x18 c:/freescale/kds_v3/toolchain/bin/../lib/gcc/arm-none-eabi/4.8.4/../../../../arm-none-eabi/lib/armv6-m\libg_s.a(lib_a-refill.o)
 .text.__srefill_r
                0x00003b30      0x110 c:/freescale/kds_v3/toolchain/bin/../lib/gcc/arm-none-eabi/4.8.4/../../../../arm-none-eabi/lib/armv6-m\libg_s.a(lib_a-refill.o)
                0x00003b30                __srefill_r
 .text.__sccl   0x00003c40       0x66 c:/freescale/kds_v3/toolchain/bin/../lib/gcc/arm-none-eabi/4.8.4/../../../../arm-none-eabi/lib/armv6-m\libg_s.a(lib_a-sccl.o)
                0x00003c40                __sccl
 .text._raise_r
                0x00003ca6       0x56 c:/freescale/kds_v3/toolchain/bin/../lib/gcc/arm-none-eabi/4.8.4/../../../../arm-none-eabi/lib/armv6-m\libg_s.a(lib_a-signal.o)
                0x00003ca6                _raise_r
 .text.raise    0x00003cfc       0x14 c:/freescale/kds_v3/toolchain/bin/../lib/gcc/arm-none-eabi/4.8.4/../../../../arm-none-eabi/lib/armv6-m\libg_s.a(lib_a-signal.o)
                0x00003cfc                raise
 .text._kill_r  0x00003d10       0x24 c:/freescale/kds_v3/toolchain/bin/../lib/gcc/arm-none-eabi/4.8.4/../../../../arm-none-eabi/lib/armv6-m\libg_s.a(lib_a-signalr.o)
                0x00003d10                _kill_r
 .text._getpid_r
                0x00003d34        0x8 c:/freescale/kds_v3/toolchain/bin/../lib/gcc/arm-none-eabi/4.8.4/../../../../arm-none-eabi/lib/armv6-m\libg_s.a(lib_a-signalr.o)
                0x00003d34                _getpid_r
 .text.__sread  0x00003d3c       0x28 c:/freescale/kds_v3/toolchain/bin/../lib/gcc/arm-none-eabi/4.8.4/../../../../arm-none-eabi/lib/armv6-m\libg_s.a(lib_a-stdio.o)
                0x00003d3c                __sread
 .text.__swrite
                0x00003d64       0x38 c:/freescale/kds_v3/toolchain/bin/../lib/gcc/arm-none-eabi/4.8.4/../../../../arm-none-eabi/lib/armv6-m\libg_s.a(lib_a-stdio.o)
                0x00003d64                __swrite
 .text.__sseek  0x00003d9c       0x2c c:/freescale/kds_v3/toolchain/bin/../lib/gcc/arm-none-eabi/4.8.4/../../../../arm-none-eabi/lib/armv6-m\libg_s.a(lib_a-stdio.o)
                0x00003d9c                __sseek
 .text.__sclose
                0x00003dc8        0xc c:/freescale/kds_v3/toolchain/bin/../lib/gcc/arm-none-eabi/4.8.4/../../../../arm-none-eabi/lib/armv6-m\libg_s.a(lib_a-stdio.o)
                0x00003dc8                __sclose
 .text._strtol_r
                0x00003dd4      0x114 c:/freescale/kds_v3/toolchain/bin/../lib/gcc/arm-none-eabi/4.8.4/../../../../arm-none-eabi/lib/armv6-m\libg_s.a(lib_a-strtol.o)
                0x00003dd4                _strtol_r
 .text._strtoul_r
                0x00003ee8       0xf8 c:/freescale/kds_v3/toolchain/bin/../lib/gcc/arm-none-eabi/4.8.4/../../../../arm-none-eabi/lib/armv6-m\libg_s.a(lib_a-strtoul.o)
                0x00003ee8                _strtoul_r
 .text.__submore
                0x00003fe0       0x7c c:/freescale/kds_v3/toolchain/bin/../lib/gcc/arm-none-eabi/4.8.4/../../../../arm-none-eabi/lib/armv6-m\libg_s.a(lib_a-ungetc.o)
                0x00003fe0                __submore
 .text._ungetc_r
                0x0000405c       0xe4 c:/freescale/kds_v3/toolchain/bin/../lib/gcc/arm-none-eabi/4.8.4/../../../../arm-none-eabi/lib/armv6-m\libg_s.a(lib_a-ungetc.o)
                0x0000405c                _ungetc_r
 .text._write_r
                0x00004140       0x28 c:/freescale/kds_v3/toolchain/bin/../lib/gcc/arm-none-eabi/4.8.4/../../../../arm-none-eabi/lib/armv6-m\libg_s.a(lib_a-writer.o)
                0x00004140                _write_r
 .text._close_r
                0x00004168       0x24 c:/freescale/kds_v3/toolchain/bin/../lib/gcc/arm-none-eabi/4.8.4/../../../../arm-none-eabi/lib/armv6-m\libg_s.a(lib_a-closer.o)
                0x00004168                _close_r
 .text._fstat_r
                0x0000418c       0x24 c:/freescale/kds_v3/toolchain/bin/../lib/gcc/arm-none-eabi/4.8.4/../../../../arm-none-eabi/lib/armv6-m\libg_s.a(lib_a-fstatr.o)
                0x0000418c                _fstat_r
 .text._isatty_r
                0x000041b0       0x24 c:/freescale/kds_v3/toolchain/bin/../lib/gcc/arm-none-eabi/4.8.4/../../../../arm-none-eabi/lib/armv6-m\libg_s.a(lib_a-isattyr.o)
                0x000041b0                _isatty_r
 .text._lseek_r
                0x000041d4       0x28 c:/freescale/kds_v3/toolchain/bin/../lib/gcc/arm-none-eabi/4.8.4/../../../../arm-none-eabi/lib/armv6-m\libg_s.a(lib_a-lseekr.o)
                0x000041d4                _lseek_r
 .text._malloc_usable_size_r
                0x000041fc       0x12 c:/freescale/kds_v3/toolchain/bin/../lib/gcc/arm-none-eabi/4.8.4/../../../../arm-none-eabi/lib/armv6-m\libg_s.a(lib_a-nano-msizer.o)
                0x000041fc                _malloc_usable_size_r
 *fill*         0x0000420e        0x2 
 .text._read_r  0x00004210       0x28 c:/freescale/kds_v3/toolchain/bin/../lib/gcc/arm-none-eabi/4.8.4/../../../../arm-none-eabi/lib/armv6-m\libg_s.a(lib_a-readr.o)
                0x00004210                _read_r
 .text._close   0x00004238       0x10 c:/freescale/kds_v3/toolchain/bin/../lib/gcc/arm-none-eabi/4.8.4/../../../../arm-none-eabi/lib/armv6-m\libnosys.a(close.o)
                0x00004238                _close
 .text._fstat   0x00004248       0x10 c:/freescale/kds_v3/toolchain/bin/../lib/gcc/arm-none-eabi/4.8.4/../../../../arm-none-eabi/lib/armv6-m\libnosys.a(fstat.o)
                0x00004248                _fstat
 .text._getpid  0x00004258       0x10 c:/freescale/kds_v3/toolchain/bin/../lib/gcc/arm-none-eabi/4.8.4/../../../../arm-none-eabi/lib/armv6-m\libnosys.a(getpid.o)
                0x00004258                _getpid
 .text._isatty  0x00004268       0x10 c:/freescale/kds_v3/toolchain/bin/../lib/gcc/arm-none-eabi/4.8.4/../../../../arm-none-eabi/lib/armv6-m\libnosys.a(isatty.o)
                0x00004268                _isatty
 .text._kill    0x00004278       0x10 c:/freescale/kds_v3/toolchain/bin/../lib/gcc/arm-none-eabi/4.8.4/../../../../arm-none-eabi/lib/armv6-m\libnosys.a(kill.o)
                0x00004278                _kill
 .text._lseek   0x00004288       0x10 c:/freescale/kds_v3/toolchain/bin/../lib/gcc/arm-none-eabi/4.8.4/../../../../arm-none-eabi/lib/armv6-m\libnosys.a(lseek.o)
                0x00004288                _lseek
 .text._exit    0x00004298        0x4 c:/freescale/kds_v3/toolchain/bin/../lib/gcc/arm-none-eabi/4.8.4/../../../../arm-none-eabi/lib/armv6-m\libnosys.a(_exit.o)
                0x00004298                _exit
 *(.rodata)
 .rodata        0x0000429c        0xc ./utilities/fsl_debug_console.o
 .rodata        0x000042a8      0x11c ./source/main.o
 .rodata        0x000043c4       0x44 ./board/board.o
 .rodata        0x00004408       0x44 ./board/pin_mux.o
 .rodata        0x0000444c      0x22c C:/Freescale/KSDK_1.3.0/examples/frdmkl25z/demo_apps/adc_hw_trigger/pit/kds/../../../../../../lib/ksdk_platform_lib/kds/KL25Z4/debug/libksdk_platform.a(fsl_clock_MKL25Z4.o)
 .rodata        0x00004678       0xcc C:/Freescale/KSDK_1.3.0/examples/frdmkl25z/demo_apps/adc_hw_trigger/pit/kds/../../../../../../lib/ksdk_platform_lib/kds/KL25Z4/debug/libksdk_platform.a(fsl_clock_manager.o)
 .rodata        0x00004744      0x148 C:/Freescale/KSDK_1.3.0/examples/frdmkl25z/demo_apps/adc_hw_trigger/pit/kds/../../../../../../lib/ksdk_platform_lib/kds/KL25Z4/debug/libksdk_platform.a(fsl_adc16_driver.o)
 .rodata        0x0000488c        0xc c:/freescale/kds_v3/toolchain/bin/../lib/gcc/arm-none-eabi/4.8.4/../../../../arm-none-eabi/lib/armv6-m\libg_s.a(lib_a-vfscanf_i.o)
 *(.rodata*)
 .rodata.g_defaultClockConfigRun
                0x00004898       0x14 ./board/board.o
                0x00004898                g_defaultClockConfigRun
 .rodata.__func__.4998
                0x000048ac       0x14 ./board/board.o
 .rodata.__func__.4978
                0x000048c0       0x14 ./board/pin_mux.o
 .rodata.portGateTable
                0x000048d4        0x8 C:/Freescale/KSDK_1.3.0/examples/frdmkl25z/demo_apps/adc_hw_trigger/pit/kds/../../../../../../lib/ksdk_platform_lib/kds/KL25Z4/debug/libksdk_platform.a(fsl_clock_MKL25Z4.o)
 .rodata.uartGateTable
                0x000048dc        0x4 C:/Freescale/KSDK_1.3.0/examples/frdmkl25z/demo_apps/adc_hw_trigger/pit/kds/../../../../../../lib/ksdk_platform_lib/kds/KL25Z4/debug/libksdk_platform.a(fsl_clock_MKL25Z4.o)
 .rodata.__func__.6456
                0x000048e0       0x1c C:/Freescale/KSDK_1.3.0/examples/frdmkl25z/demo_apps/adc_hw_trigger/pit/kds/../../../../../../lib/ksdk_platform_lib/kds/KL25Z4/debug/libksdk_platform.a(fsl_clock_MKL25Z4.o)
 .rodata.__func__.6529
                0x000048fc       0x1c C:/Freescale/KSDK_1.3.0/examples/frdmkl25z/demo_apps/adc_hw_trigger/pit/kds/../../../../../../lib/ksdk_platform_lib/kds/KL25Z4/debug/libksdk_platform.a(fsl_clock_MKL25Z4.o)
 .rodata.__func__.6534
                0x00004918       0x1c C:/Freescale/KSDK_1.3.0/examples/frdmkl25z/demo_apps/adc_hw_trigger/pit/kds/../../../../../../lib/ksdk_platform_lib/kds/KL25Z4/debug/libksdk_platform.a(fsl_clock_MKL25Z4.o)
 .rodata.__func__.6614
                0x00004934       0x14 C:/Freescale/KSDK_1.3.0/examples/frdmkl25z/demo_apps/adc_hw_trigger/pit/kds/../../../../../../lib/ksdk_platform_lib/kds/KL25Z4/debug/libksdk_platform.a(fsl_clock_manager.o)
 .rodata.g_oscBase
                0x00004948        0x4 C:/Freescale/KSDK_1.3.0/examples/frdmkl25z/demo_apps/adc_hw_trigger/pit/kds/../../../../../../lib/ksdk_platform_lib/kds/KL25Z4/debug/libksdk_platform.a(fsl_clock_manager_common.o)
                0x00004948                g_oscBase
 .rodata.__func__.5063
                0x0000494c       0x24 C:/Freescale/KSDK_1.3.0/examples/frdmkl25z/demo_apps/adc_hw_trigger/pit/kds/../../../../../../lib/ksdk_platform_lib/kds/KL25Z4/debug/libksdk_platform.a(fsl_adc16_driver.o)
 .rodata.__func__.5077
                0x00004970       0x1c C:/Freescale/KSDK_1.3.0/examples/frdmkl25z/demo_apps/adc_hw_trigger/pit/kds/../../../../../../lib/ksdk_platform_lib/kds/KL25Z4/debug/libksdk_platform.a(fsl_adc16_driver.o)
 .rodata.__func__.6518
                0x0000498c       0x1c C:/Freescale/KSDK_1.3.0/examples/frdmkl25z/demo_apps/adc_hw_trigger/pit/kds/../../../../../../lib/ksdk_platform_lib/kds/KL25Z4/debug/libksdk_platform.a(fsl_adc16_driver.o)
 .rodata.__func__.6541
                0x000049a8       0x18 C:/Freescale/KSDK_1.3.0/examples/frdmkl25z/demo_apps/adc_hw_trigger/pit/kds/../../../../../../lib/ksdk_platform_lib/kds/KL25Z4/debug/libksdk_platform.a(fsl_adc16_driver.o)
 .rodata.fllFactorTable.5209
                0x000049c0       0x10 C:/Freescale/KSDK_1.3.0/examples/frdmkl25z/demo_apps/adc_hw_trigger/pit/kds/../../../../../../lib/ksdk_platform_lib/kds/KL25Z4/debug/libksdk_platform.a(fsl_mcg_hal.o)
 .rodata.g_adcBase
                0x000049d0        0x4 C:/Freescale/KSDK_1.3.0/examples/frdmkl25z/demo_apps/adc_hw_trigger/pit/kds/../../../../../../lib/ksdk_platform_lib/kds/KL25Z4/debug/libksdk_platform.a(fsl_adc16_common.o)
                0x000049d0                g_adcBase
 .rodata.str1.1
                0x000049d4       0x3c c:/freescale/kds_v3/toolchain/bin/../lib/gcc/arm-none-eabi/4.8.4/../../../../arm-none-eabi/lib/armv6-m\libg_s.a(lib_a-assert.o)
                                 0x3d (size before relaxing)
 .rodata.str1.1
                0x00004a10        0x2 c:/freescale/kds_v3/toolchain/bin/../lib/gcc/arm-none-eabi/4.8.4/../../../../arm-none-eabi/lib/armv6-m\libg_s.a(lib_a-impure.o)
 *fill*         0x00004a12        0x2 
 .rodata._global_impure_ptr
                0x00004a14        0x4 c:/freescale/kds_v3/toolchain/bin/../lib/gcc/arm-none-eabi/4.8.4/../../../../arm-none-eabi/lib/armv6-m\libg_s.a(lib_a-impure.o)
                0x00004a14                _global_impure_ptr
 .rodata.str1.1
                0x00004a18       0x11 c:/freescale/kds_v3/toolchain/bin/../lib/gcc/arm-none-eabi/4.8.4/../../../../arm-none-eabi/lib/armv6-m\libg_s.a(lib_a-vfprintf.o)
 .rodata.str1.1
                0x00004a29       0x22 c:/freescale/kds_v3/toolchain/bin/../lib/gcc/arm-none-eabi/4.8.4/../../../../arm-none-eabi/lib/armv6-m\libg_s.a(lib_a-vfprintf_i.o)
 .rodata.str1.1
                0x00000000        0x4 c:/freescale/kds_v3/toolchain/bin/../lib/gcc/arm-none-eabi/4.8.4/../../../../arm-none-eabi/lib/armv6-m\libg_s.a(lib_a-vfscanf.o)
 .rodata.str1.1
                0x00004a4b       0x1b c:/freescale/kds_v3/toolchain/bin/../lib/gcc/arm-none-eabi/4.8.4/../../../../arm-none-eabi/lib/armv6-m\libg_s.a(lib_a-vfscanf_i.o)
 .rodata._ctype_
                0x00004a66      0x101 c:/freescale/kds_v3/toolchain/bin/../lib/gcc/arm-none-eabi/4.8.4/../../../../arm-none-eabi/lib/armv6-m\libg_s.a(lib_a-ctype_.o)
                0x00004a66                _ctype_
 *fill*         0x00004b67        0x1 
 .rodata.__sf_fake_stdin
                0x00004b68       0x20 c:/freescale/kds_v3/toolchain/bin/../lib/gcc/arm-none-eabi/4.8.4/../../../../arm-none-eabi/lib/armv6-m\libg_s.a(lib_a-findfp.o)
                0x00004b68                __sf_fake_stdin
 .rodata.__sf_fake_stdout
                0x00004b88       0x20 c:/freescale/kds_v3/toolchain/bin/../lib/gcc/arm-none-eabi/4.8.4/../../../../arm-none-eabi/lib/armv6-m\libg_s.a(lib_a-findfp.o)
                0x00004b88                __sf_fake_stdout
 .rodata.__sf_fake_stderr
                0x00004ba8       0x20 c:/freescale/kds_v3/toolchain/bin/../lib/gcc/arm-none-eabi/4.8.4/../../../../arm-none-eabi/lib/armv6-m\libg_s.a(lib_a-findfp.o)
                0x00004ba8                __sf_fake_stderr
 *(.glue_7)
 .glue_7        0x00000000        0x0 linker stubs
 *(.glue_7t)
 .glue_7t       0x00000000        0x0 linker stubs
 *(.eh_frame)
 .eh_frame      0x00004bc8        0x0 c:/freescale/kds_v3/toolchain/bin/../lib/gcc/arm-none-eabi/4.8.4/armv6-m/crtbegin.o
 *(.init)
 .init          0x00004bc8        0x4 c:/freescale/kds_v3/toolchain/bin/../lib/gcc/arm-none-eabi/4.8.4/armv6-m/crti.o
                0x00004bc8                _init
 .init          0x00004bcc        0x8 c:/freescale/kds_v3/toolchain/bin/../lib/gcc/arm-none-eabi/4.8.4/armv6-m/crtn.o
 *(.fini)
 .fini          0x00004bd4        0x4 c:/freescale/kds_v3/toolchain/bin/../lib/gcc/arm-none-eabi/4.8.4/armv6-m/crti.o
                0x00004bd4                _fini
 .fini          0x00004bd8        0x8 c:/freescale/kds_v3/toolchain/bin/../lib/gcc/arm-none-eabi/4.8.4/armv6-m/crtn.o
                0x00004be0                . = ALIGN (0x4)

.vfp11_veneer   0x00004be0        0x0
 .vfp11_veneer  0x00000000        0x0 linker stubs

.v4_bx          0x00004be0        0x0
 .v4_bx         0x00000000        0x0 linker stubs

.iplt           0x00004be0        0x0
 .iplt          0x00000000        0x0 c:/freescale/kds_v3/toolchain/bin/../lib/gcc/arm-none-eabi/4.8.4/armv6-m/crtbegin.o

.ARM.extab
 *(.ARM.extab* .gnu.linkonce.armextab.*)

.ARM            0x00004be0        0x8
                0x00004be0                __exidx_start = .
 *(.ARM.exidx*)
 .ARM.exidx     0x00004be0        0x8 c:/freescale/kds_v3/toolchain/bin/../lib/gcc/arm-none-eabi/4.8.4/../../../../arm-none-eabi/lib/armv6-m/crt0.o
                0x00004be8                __exidx_end = .

.rel.dyn        0x00004be8        0x0
 .rel.iplt      0x00000000        0x0 c:/freescale/kds_v3/toolchain/bin/../lib/gcc/arm-none-eabi/4.8.4/armv6-m/crtbegin.o

.ctors          0x00004be8        0x0
                0x00004be8                __CTOR_LIST__ = .
 *crtbegin.o(.ctors)
 *crtbegin?.o(.ctors)
 *(EXCLUDE_FILE(*crtend.o *crtend?.o) .ctors)
 *(SORT(.ctors.*))
 *(.ctors)
                0x00004be8                __CTOR_END__ = .

.dtors          0x00004be8        0x0
                0x00004be8                __DTOR_LIST__ = .
 *crtbegin.o(.dtors)
 *crtbegin?.o(.dtors)
 *(EXCLUDE_FILE(*crtend.o *crtend?.o) .dtors)
 *(SORT(.dtors.*))
 *(.dtors)
                0x00004be8                __DTOR_END__ = .

.preinit_array  0x00004be8        0x0
                0x00004be8                PROVIDE (__preinit_array_start, .)
 *(.preinit_array*)
                0x00004be8                PROVIDE (__preinit_array_end, .)

.init_array     0x00004be8        0x4
                0x00004be8                PROVIDE (__init_array_start, .)
 *(SORT(.init_array.*))
 *(.init_array*)
 .init_array    0x00004be8        0x4 c:/freescale/kds_v3/toolchain/bin/../lib/gcc/arm-none-eabi/4.8.4/armv6-m/crtbegin.o
                0x00004bec                PROVIDE (__init_array_end, .)

.fini_array     0x00004bec        0x4
                0x00004bec                PROVIDE (__fini_array_start, .)
 *(SORT(.fini_array.*))
 *(.fini_array*)
 .fini_array    0x00004bec        0x4 c:/freescale/kds_v3/toolchain/bin/../lib/gcc/arm-none-eabi/4.8.4/armv6-m/crtbegin.o
                0x00004bf0                PROVIDE (__fini_array_end, .)
                0x00004bf0                __etext = .
                0x00004bf0                __DATA_ROM = .

.mtb            0x1ffff000        0x0
                0x1ffff000                . = ALIGN (0x8)
                0x1ffff000                _mtb_start = .
 *(.mtb_buf)
                0x1ffff000                . = ALIGN (0x8)
                0x1ffff000                _mtb_end = .

.interrupts_ram
                0x1ffff000      0x100
                0x1ffff000                . = ALIGN (0x4)
                0x1ffff000                __VECTOR_RAM__ = .
                0x1ffff000                __interrupts_ram_start__ = .
 *(.m_interrupts_ram)
                0x1ffff100                . = (. + M_VECTOR_RAM_SIZE)
 *fill*         0x1ffff000      0x100 
                0x1ffff100                . = ALIGN (0x4)
                0x1ffff100                __interrupts_ram_end__ = .
                0x00000000                __VECTOR_RAM = DEFINED (__ram_vector_table__)?__VECTOR_RAM__:ORIGIN (m_interrupts)
                0x00000000                __RAM_VECTOR_TABLE_SIZE_BYTES = DEFINED (__ram_vector_table__)?(__interrupts_ram_end__ - __interrupts_ram_start__):0x0

.data           0x1ffff100      0x24c load address 0x00004bf0
                0x1ffff100                . = ALIGN (0x4)
                0x1ffff100                __DATA_RAM = .
                0x1ffff100                __data_start__ = .
 *(.data)
 *(.data*)
 .data.SystemCoreClock
                0x1ffff100        0x4 ./startup/system_MKL25Z4.o
                0x1ffff100                SystemCoreClock
 .data.buffer   0x1ffff104       0x80 ./source/main.o
                0x1ffff104                buffer
 .data.start    0x1ffff184        0x4 ./source/main.o
                0x1ffff184                start
 .data.mid      0x1ffff188        0x4 ./source/main.o
                0x1ffff188                mid
 .data.midcount
                0x1ffff18c        0x4 ./source/main.o
                0x1ffff18c                midcount
 .data.lookUpTable
                0x1ffff190      0x148 ./source/main.o
                0x1ffff190                lookUpTable
 .data.g_fastInternalRefClkFreq
                0x1ffff2d8        0x4 C:/Freescale/KSDK_1.3.0/examples/frdmkl25z/demo_apps/adc_hw_trigger/pit/kds/../../../../../../lib/ksdk_platform_lib/kds/KL25Z4/debug/libksdk_platform.a(fsl_mcg_hal.o)
                0x1ffff2d8                g_fastInternalRefClkFreq
 .data.g_slowInternalRefClkFreq
                0x1ffff2dc        0x4 C:/Freescale/KSDK_1.3.0/examples/frdmkl25z/demo_apps/adc_hw_trigger/pit/kds/../../../../../../lib/ksdk_platform_lib/kds/KL25Z4/debug/libksdk_platform.a(fsl_mcg_hal.o)
                0x1ffff2dc                g_slowInternalRefClkFreq
 .data.impure_data
                0x1ffff2e0       0x60 c:/freescale/kds_v3/toolchain/bin/../lib/gcc/arm-none-eabi/4.8.4/../../../../arm-none-eabi/lib/armv6-m\libg_s.a(lib_a-impure.o)
 .data._impure_ptr
                0x1ffff340        0x4 c:/freescale/kds_v3/toolchain/bin/../lib/gcc/arm-none-eabi/4.8.4/../../../../arm-none-eabi/lib/armv6-m\libg_s.a(lib_a-impure.o)
                0x1ffff340                _impure_ptr
 .data.__ctype_ptr__
                0x1ffff344        0x4 c:/freescale/kds_v3/toolchain/bin/../lib/gcc/arm-none-eabi/4.8.4/../../../../arm-none-eabi/lib/armv6-m\libg_s.a(lib_a-ctype_.o)
                0x1ffff344                __ctype_ptr__
 *(.jcr*)
 .jcr           0x1ffff348        0x0 c:/freescale/kds_v3/toolchain/bin/../lib/gcc/arm-none-eabi/4.8.4/armv6-m/crtbegin.o
 .jcr           0x1ffff348        0x4 c:/freescale/kds_v3/toolchain/bin/../lib/gcc/arm-none-eabi/4.8.4/armv6-m/crtend.o
                0x1ffff34c                . = ALIGN (0x4)
                0x1ffff34c                __data_end__ = .
                0x00004e3c                __DATA_END = (__DATA_ROM + (__data_end__ - __data_start__))
                0x00020000                text_end = (ORIGIN (m_text) + 0x1fbf0)
                0x00000001                ASSERT ((__DATA_END <= text_end), region m_text overflowed with text and data)

.igot.plt       0x1ffff34c        0x0 load address 0x00004e3c
 .igot.plt      0x00000000        0x0 c:/freescale/kds_v3/toolchain/bin/../lib/gcc/arm-none-eabi/4.8.4/armv6-m/crtbegin.o

.bss            0x1ffff34c       0x58 load address 0x00004e3c
                0x1ffff34c                . = ALIGN (0x4)
                0x1ffff34c                __START_BSS = .
                0x1ffff34c                __bss_start__ = .
 *(.bss)
 .bss           0x1ffff34c       0x1c c:/freescale/kds_v3/toolchain/bin/../lib/gcc/arm-none-eabi/4.8.4/armv6-m/crtbegin.o
 *(.bss*)
 .bss.s_debugConsole
                0x1ffff368       0x10 ./utilities/fsl_debug_console.o
 .bss.heap_end.5140
                0x1ffff378        0x4 ./utilities/fsl_misc_utilities.o
 .bss.g_AdcTestCallback
                0x1ffff37c        0x8 ./source/fsl_adc_irq.o
                0x1ffff37c                g_AdcTestCallback
 .bss.g_AdcValueInt
                0x1ffff384        0x4 ./source/fsl_adc_irq.o
                0x1ffff384                g_AdcValueInt
 .bss.peak      0x1ffff388        0x2 ./source/main.o
                0x1ffff388                peak
 .bss.old_peak  0x1ffff38a        0x2 ./source/main.o
                0x1ffff38a                old_peak
 .bss.ch        0x1ffff38c        0x1 ./source/main.o
                0x1ffff38c                ch
 *fill*         0x1ffff38d        0x3 
 .bss.i.5832    0x1ffff390        0x4 ./include_headers/dma.o
 .bss.g_xtal0ClkFreq
                0x1ffff394        0x4 C:/Freescale/KSDK_1.3.0/examples/frdmkl25z/demo_apps/adc_hw_trigger/pit/kds/../../../../../../lib/ksdk_platform_lib/kds/KL25Z4/debug/libksdk_platform.a(fsl_mcg_hal.o)
                0x1ffff394                g_xtal0ClkFreq
 .bss.__malloc_sbrk_start
                0x1ffff398        0x4 c:/freescale/kds_v3/toolchain/bin/../lib/gcc/arm-none-eabi/4.8.4/../../../../arm-none-eabi/lib/armv6-m\libg_s.a(lib_a-nano-mallocr.o)
                0x1ffff398                __malloc_sbrk_start
 .bss.__malloc_free_list
                0x1ffff39c        0x4 c:/freescale/kds_v3/toolchain/bin/../lib/gcc/arm-none-eabi/4.8.4/../../../../arm-none-eabi/lib/armv6-m\libg_s.a(lib_a-nano-mallocr.o)
                0x1ffff39c                __malloc_free_list
 *(COMMON)
 COMMON         0x1ffff3a0        0x4 c:/freescale/kds_v3/toolchain/bin/../lib/gcc/arm-none-eabi/4.8.4/../../../../arm-none-eabi/lib/armv6-m\libg_s.a(lib_a-reent.o)
                0x1ffff3a0                errno
                0x1ffff3a4                . = ALIGN (0x4)
                0x1ffff3a4                __bss_end__ = .
                0x1ffff3a4                __END_BSS = .

.heap           0x1ffff3a4      0x204 load address 0x00004e94
                0x1ffff3a8                . = ALIGN (0x8)
 *fill*         0x1ffff3a4        0x4 
                0x1ffff3a8                __end__ = .
                0x1ffff3a8                PROVIDE (end, .)
                0x1ffff3a8                __HeapBase = .
                0x1ffff5a8                . = (. + HEAP_SIZE)
 *fill*         0x1ffff3a8      0x200 
                0x1ffff5a8                __HeapLimit = .

.stack          0x1ffff5a8      0x400 load address 0x00005098
                0x1ffff5a8                . = ALIGN (0x8)
                0x1ffff9a8                . = (. + STACK_SIZE)
 *fill*         0x1ffff5a8      0x400 
                0x20003000                __StackTop = (ORIGIN (m_data) + 0x4000)
                0x20002c00                __StackLimit = (__StackTop - STACK_SIZE)
                0x20003000                PROVIDE (__stack, __StackTop)

.ARM.attributes
                0x00000000       0x28
 *(.ARM.attributes)
 .ARM.attributes
                0x00000000       0x1e c:/freescale/kds_v3/toolchain/bin/../lib/gcc/arm-none-eabi/4.8.4/armv6-m/crti.o
 .ARM.attributes
                0x0000001e       0x2c c:/freescale/kds_v3/toolchain/bin/../lib/gcc/arm-none-eabi/4.8.4/armv6-m/crtbegin.o
 .ARM.attributes
                0x0000004a       0x1b c:/freescale/kds_v3/toolchain/bin/../lib/gcc/arm-none-eabi/4.8.4/../../../../arm-none-eabi/lib/armv6-m/crt0.o
 .ARM.attributes
                0x00000065       0x32 ./utilities/fsl_debug_console.o
 .ARM.attributes
                0x00000097       0x32 ./utilities/fsl_misc_utilities.o
 .ARM.attributes
                0x000000c9       0x32 ./startup/startup.o
 .ARM.attributes
                0x000000fb       0x1b ./startup/startup_MKL25Z4.o
 .ARM.attributes
                0x00000116       0x32 ./startup/system_MKL25Z4.o
 .ARM.attributes
                0x00000148       0x32 ./source/fsl_adc_irq.o
 .ARM.attributes
                0x0000017a       0x32 ./source/main.o
 .ARM.attributes
                0x000001ac       0x32 ./include_headers/adc.o
 .ARM.attributes
                0x000001de       0x32 ./include_headers/dma.o
 .ARM.attributes
                0x00000210       0x32 ./board/board.o
 .ARM.attributes
                0x00000242       0x32 ./board/hardware_init.o
 .ARM.attributes
                0x00000274       0x32 ./board/pin_mux.o
 .ARM.attributes
                0x000002a6       0x32 C:/Freescale/KSDK_1.3.0/examples/frdmkl25z/demo_apps/adc_hw_trigger/pit/kds/../../../../../../lib/ksdk_platform_lib/kds/KL25Z4/debug/libksdk_platform.a(fsl_uart_hal.o)
 .ARM.attributes
                0x000002d8       0x32 C:/Freescale/KSDK_1.3.0/examples/frdmkl25z/demo_apps/adc_hw_trigger/pit/kds/../../../../../../lib/ksdk_platform_lib/kds/KL25Z4/debug/libksdk_platform.a(fsl_sim_hal_MKL25Z4.o)
 .ARM.attributes
                0x0000030a       0x32 C:/Freescale/KSDK_1.3.0/examples/frdmkl25z/demo_apps/adc_hw_trigger/pit/kds/../../../../../../lib/ksdk_platform_lib/kds/KL25Z4/debug/libksdk_platform.a(fsl_lpsci_hal.o)
 .ARM.attributes
                0x0000033c       0x32 C:/Freescale/KSDK_1.3.0/examples/frdmkl25z/demo_apps/adc_hw_trigger/pit/kds/../../../../../../lib/ksdk_platform_lib/kds/KL25Z4/debug/libksdk_platform.a(fsl_clock_MKL25Z4.o)
 .ARM.attributes
                0x0000036e       0x32 C:/Freescale/KSDK_1.3.0/examples/frdmkl25z/demo_apps/adc_hw_trigger/pit/kds/../../../../../../lib/ksdk_platform_lib/kds/KL25Z4/debug/libksdk_platform.a(fsl_clock_manager.o)
 .ARM.attributes
                0x000003a0       0x32 C:/Freescale/KSDK_1.3.0/examples/frdmkl25z/demo_apps/adc_hw_trigger/pit/kds/../../../../../../lib/ksdk_platform_lib/kds/KL25Z4/debug/libksdk_platform.a(fsl_clock_manager_common.o)
 .ARM.attributes
                0x000003d2       0x32 C:/Freescale/KSDK_1.3.0/examples/frdmkl25z/demo_apps/adc_hw_trigger/pit/kds/../../../../../../lib/ksdk_platform_lib/kds/KL25Z4/debug/libksdk_platform.a(fsl_adc16_driver.o)
 .ARM.attributes
                0x00000404       0x32 C:/Freescale/KSDK_1.3.0/examples/frdmkl25z/demo_apps/adc_hw_trigger/pit/kds/../../../../../../lib/ksdk_platform_lib/kds/KL25Z4/debug/libksdk_platform.a(fsl_osc_hal.o)
 .ARM.attributes
                0x00000436       0x32 C:/Freescale/KSDK_1.3.0/examples/frdmkl25z/demo_apps/adc_hw_trigger/pit/kds/../../../../../../lib/ksdk_platform_lib/kds/KL25Z4/debug/libksdk_platform.a(fsl_mcg_hal.o)
 .ARM.attributes
                0x00000468       0x32 C:/Freescale/KSDK_1.3.0/examples/frdmkl25z/demo_apps/adc_hw_trigger/pit/kds/../../../../../../lib/ksdk_platform_lib/kds/KL25Z4/debug/libksdk_platform.a(fsl_mcg_hal_modes.o)
 .ARM.attributes
                0x0000049a       0x32 C:/Freescale/KSDK_1.3.0/examples/frdmkl25z/demo_apps/adc_hw_trigger/pit/kds/../../../../../../lib/ksdk_platform_lib/kds/KL25Z4/debug/libksdk_platform.a(fsl_adc16_common.o)
 .ARM.attributes
                0x000004cc       0x2c c:/freescale/kds_v3/toolchain/bin/../lib/gcc/arm-none-eabi/4.8.4/../../../../arm-none-eabi/lib/armv6-m\libg_s.a(lib_a-assert.o)
 .ARM.attributes
                0x000004f8       0x2c c:/freescale/kds_v3/toolchain/bin/../lib/gcc/arm-none-eabi/4.8.4/../../../../arm-none-eabi/lib/armv6-m\libg_s.a(lib_a-errno.o)
 .ARM.attributes
                0x00000524       0x2c c:/freescale/kds_v3/toolchain/bin/../lib/gcc/arm-none-eabi/4.8.4/../../../../arm-none-eabi/lib/armv6-m\libg_s.a(lib_a-exit.o)
 .ARM.attributes
                0x00000550       0x2c c:/freescale/kds_v3/toolchain/bin/../lib/gcc/arm-none-eabi/4.8.4/../../../../arm-none-eabi/lib/armv6-m\libg_s.a(lib_a-fprintf.o)
 .ARM.attributes
                0x0000057c       0x2c c:/freescale/kds_v3/toolchain/bin/../lib/gcc/arm-none-eabi/4.8.4/../../../../arm-none-eabi/lib/armv6-m\libg_s.a(lib_a-impure.o)
 .ARM.attributes
                0x000005a8       0x2c c:/freescale/kds_v3/toolchain/bin/../lib/gcc/arm-none-eabi/4.8.4/../../../../arm-none-eabi/lib/armv6-m\libg_s.a(lib_a-init.o)
 .ARM.attributes
                0x000005d4       0x2c c:/freescale/kds_v3/toolchain/bin/../lib/gcc/arm-none-eabi/4.8.4/../../../../arm-none-eabi/lib/armv6-m\libg_s.a(lib_a-memset.o)
 .ARM.attributes
                0x00000600       0x2c c:/freescale/kds_v3/toolchain/bin/../lib/gcc/arm-none-eabi/4.8.4/../../../../arm-none-eabi/lib/armv6-m\libg_s.a(lib_a-nano-freer.o)
 .ARM.attributes
                0x0000062c       0x2c c:/freescale/kds_v3/toolchain/bin/../lib/gcc/arm-none-eabi/4.8.4/../../../../arm-none-eabi/lib/armv6-m\libg_s.a(lib_a-nano-mallocr.o)
 .ARM.attributes
                0x00000658       0x2c c:/freescale/kds_v3/toolchain/bin/../lib/gcc/arm-none-eabi/4.8.4/../../../../arm-none-eabi/lib/armv6-m\libg_s.a(lib_a-printf.o)
 .ARM.attributes
                0x00000684       0x2c c:/freescale/kds_v3/toolchain/bin/../lib/gcc/arm-none-eabi/4.8.4/../../../../arm-none-eabi/lib/armv6-m\libg_s.a(lib_a-sbrkr.o)
 .ARM.attributes
                0x000006b0       0x2c c:/freescale/kds_v3/toolchain/bin/../lib/gcc/arm-none-eabi/4.8.4/../../../../arm-none-eabi/lib/armv6-m\libg_s.a(lib_a-scanf.o)
 .ARM.attributes
                0x000006dc       0x2c c:/freescale/kds_v3/toolchain/bin/../lib/gcc/arm-none-eabi/4.8.4/../../../../arm-none-eabi/lib/armv6-m\libg_s.a(lib_a-strlen.o)
 .ARM.attributes
                0x00000708       0x2c c:/freescale/kds_v3/toolchain/bin/../lib/gcc/arm-none-eabi/4.8.4/../../../../arm-none-eabi/lib/armv6-m\libg_s.a(lib_a-vfprintf.o)
 .ARM.attributes
                0x00000734       0x2c c:/freescale/kds_v3/toolchain/bin/../lib/gcc/arm-none-eabi/4.8.4/../../../../arm-none-eabi/lib/armv6-m\libg_s.a(lib_a-vfprintf_i.o)
 .ARM.attributes
                0x00000760       0x2c c:/freescale/kds_v3/toolchain/bin/../lib/gcc/arm-none-eabi/4.8.4/../../../../arm-none-eabi/lib/armv6-m\libg_s.a(lib_a-vfscanf.o)
 .ARM.attributes
                0x0000078c       0x2c c:/freescale/kds_v3/toolchain/bin/../lib/gcc/arm-none-eabi/4.8.4/../../../../arm-none-eabi/lib/armv6-m\libg_s.a(lib_a-vfscanf_i.o)
 .ARM.attributes
                0x000007b8       0x2c c:/freescale/kds_v3/toolchain/bin/../lib/gcc/arm-none-eabi/4.8.4/../../../../arm-none-eabi/lib/armv6-m\libg_s.a(lib_a-wbuf.o)
 .ARM.attributes
                0x000007e4       0x2c c:/freescale/kds_v3/toolchain/bin/../lib/gcc/arm-none-eabi/4.8.4/../../../../arm-none-eabi/lib/armv6-m\libg_s.a(lib_a-wsetup.o)
 .ARM.attributes
                0x00000810       0x2c c:/freescale/kds_v3/toolchain/bin/../lib/gcc/arm-none-eabi/4.8.4/../../../../arm-none-eabi/lib/armv6-m\libg_s.a(lib_a-abort.o)
 .ARM.attributes
                0x0000083c       0x2c c:/freescale/kds_v3/toolchain/bin/../lib/gcc/arm-none-eabi/4.8.4/../../../../arm-none-eabi/lib/armv6-m\libg_s.a(lib_a-ctype_.o)
 .ARM.attributes
                0x00000868       0x2c c:/freescale/kds_v3/toolchain/bin/../lib/gcc/arm-none-eabi/4.8.4/../../../../arm-none-eabi/lib/armv6-m\libg_s.a(lib_a-fflush.o)
 .ARM.attributes
                0x00000894       0x2c c:/freescale/kds_v3/toolchain/bin/../lib/gcc/arm-none-eabi/4.8.4/../../../../arm-none-eabi/lib/armv6-m\libg_s.a(lib_a-findfp.o)
 .ARM.attributes
                0x000008c0       0x2c c:/freescale/kds_v3/toolchain/bin/../lib/gcc/arm-none-eabi/4.8.4/../../../../arm-none-eabi/lib/armv6-m\libg_s.a(lib_a-fwalk.o)
 .ARM.attributes
                0x000008ec       0x2c c:/freescale/kds_v3/toolchain/bin/../lib/gcc/arm-none-eabi/4.8.4/../../../../arm-none-eabi/lib/armv6-m\libg_s.a(lib_a-makebuf.o)
 .ARM.attributes
                0x00000918       0x2c c:/freescale/kds_v3/toolchain/bin/../lib/gcc/arm-none-eabi/4.8.4/../../../../arm-none-eabi/lib/armv6-m\libg_s.a(lib_a-memchr-stub.o)
 .ARM.attributes
                0x00000944       0x2c c:/freescale/kds_v3/toolchain/bin/../lib/gcc/arm-none-eabi/4.8.4/../../../../arm-none-eabi/lib/armv6-m\libg_s.a(lib_a-memcpy-stub.o)
 .ARM.attributes
                0x00000970       0x2c c:/freescale/kds_v3/toolchain/bin/../lib/gcc/arm-none-eabi/4.8.4/../../../../arm-none-eabi/lib/armv6-m\libg_s.a(lib_a-nano-reallocr.o)
 .ARM.attributes
                0x0000099c       0x2c c:/freescale/kds_v3/toolchain/bin/../lib/gcc/arm-none-eabi/4.8.4/../../../../arm-none-eabi/lib/armv6-m\libg_s.a(lib_a-reent.o)
 .ARM.attributes
                0x000009c8       0x2c c:/freescale/kds_v3/toolchain/bin/../lib/gcc/arm-none-eabi/4.8.4/../../../../arm-none-eabi/lib/armv6-m\libg_s.a(lib_a-refill.o)
 .ARM.attributes
                0x000009f4       0x2c c:/freescale/kds_v3/toolchain/bin/../lib/gcc/arm-none-eabi/4.8.4/../../../../arm-none-eabi/lib/armv6-m\libg_s.a(lib_a-sccl.o)
 .ARM.attributes
                0x00000a20       0x2c c:/freescale/kds_v3/toolchain/bin/../lib/gcc/arm-none-eabi/4.8.4/../../../../arm-none-eabi/lib/armv6-m\libg_s.a(lib_a-signal.o)
 .ARM.attributes
                0x00000a4c       0x2c c:/freescale/kds_v3/toolchain/bin/../lib/gcc/arm-none-eabi/4.8.4/../../../../arm-none-eabi/lib/armv6-m\libg_s.a(lib_a-signalr.o)
 .ARM.attributes
                0x00000a78       0x2c c:/freescale/kds_v3/toolchain/bin/../lib/gcc/arm-none-eabi/4.8.4/../../../../arm-none-eabi/lib/armv6-m\libg_s.a(lib_a-stdio.o)
 .ARM.attributes
                0x00000aa4       0x2c c:/freescale/kds_v3/toolchain/bin/../lib/gcc/arm-none-eabi/4.8.4/../../../../arm-none-eabi/lib/armv6-m\libg_s.a(lib_a-strtol.o)
 .ARM.attributes
                0x00000ad0       0x2c c:/freescale/kds_v3/toolchain/bin/../lib/gcc/arm-none-eabi/4.8.4/../../../../arm-none-eabi/lib/armv6-m\libg_s.a(lib_a-strtoul.o)
 .ARM.attributes
                0x00000afc       0x2c c:/freescale/kds_v3/toolchain/bin/../lib/gcc/arm-none-eabi/4.8.4/../../../../arm-none-eabi/lib/armv6-m\libg_s.a(lib_a-ungetc.o)
 .ARM.attributes
                0x00000b28       0x2c c:/freescale/kds_v3/toolchain/bin/../lib/gcc/arm-none-eabi/4.8.4/../../../../arm-none-eabi/lib/armv6-m\libg_s.a(lib_a-writer.o)
 .ARM.attributes
                0x00000b54       0x2c c:/freescale/kds_v3/toolchain/bin/../lib/gcc/arm-none-eabi/4.8.4/../../../../arm-none-eabi/lib/armv6-m\libg_s.a(lib_a-closer.o)
 .ARM.attributes
                0x00000b80       0x2c c:/freescale/kds_v3/toolchain/bin/../lib/gcc/arm-none-eabi/4.8.4/../../../../arm-none-eabi/lib/armv6-m\libg_s.a(lib_a-fstatr.o)
 .ARM.attributes
                0x00000bac       0x2c c:/freescale/kds_v3/toolchain/bin/../lib/gcc/arm-none-eabi/4.8.4/../../../../arm-none-eabi/lib/armv6-m\libg_s.a(lib_a-isattyr.o)
 .ARM.attributes
                0x00000bd8       0x2c c:/freescale/kds_v3/toolchain/bin/../lib/gcc/arm-none-eabi/4.8.4/../../../../arm-none-eabi/lib/armv6-m\libg_s.a(lib_a-lseekr.o)
 .ARM.attributes
                0x00000c04       0x2c c:/freescale/kds_v3/toolchain/bin/../lib/gcc/arm-none-eabi/4.8.4/../../../../arm-none-eabi/lib/armv6-m\libg_s.a(lib_a-nano-msizer.o)
 .ARM.attributes
                0x00000c30       0x2c c:/freescale/kds_v3/toolchain/bin/../lib/gcc/arm-none-eabi/4.8.4/../../../../arm-none-eabi/lib/armv6-m\libg_s.a(lib_a-readr.o)
 .ARM.attributes
                0x00000c5c       0x1e c:/freescale/kds_v3/toolchain/bin/../lib/gcc/arm-none-eabi/4.8.4/armv6-m\libgcc.a(_udivsi3.o)
 .ARM.attributes
                0x00000c7a       0x1e c:/freescale/kds_v3/toolchain/bin/../lib/gcc/arm-none-eabi/4.8.4/armv6-m\libgcc.a(_dvmd_tls.o)
 .ARM.attributes
                0x00000c98       0x2c c:/freescale/kds_v3/toolchain/bin/../lib/gcc/arm-none-eabi/4.8.4/../../../../arm-none-eabi/lib/armv6-m\libnosys.a(close.o)
 .ARM.attributes
                0x00000cc4       0x2c c:/freescale/kds_v3/toolchain/bin/../lib/gcc/arm-none-eabi/4.8.4/../../../../arm-none-eabi/lib/armv6-m\libnosys.a(fstat.o)
 .ARM.attributes
                0x00000cf0       0x2c c:/freescale/kds_v3/toolchain/bin/../lib/gcc/arm-none-eabi/4.8.4/../../../../arm-none-eabi/lib/armv6-m\libnosys.a(getpid.o)
 .ARM.attributes
                0x00000d1c       0x2c c:/freescale/kds_v3/toolchain/bin/../lib/gcc/arm-none-eabi/4.8.4/../../../../arm-none-eabi/lib/armv6-m\libnosys.a(isatty.o)
 .ARM.attributes
                0x00000d48       0x2c c:/freescale/kds_v3/toolchain/bin/../lib/gcc/arm-none-eabi/4.8.4/../../../../arm-none-eabi/lib/armv6-m\libnosys.a(kill.o)
 .ARM.attributes
                0x00000d74       0x2c c:/freescale/kds_v3/toolchain/bin/../lib/gcc/arm-none-eabi/4.8.4/../../../../arm-none-eabi/lib/armv6-m\libnosys.a(lseek.o)
 .ARM.attributes
                0x00000da0       0x2c c:/freescale/kds_v3/toolchain/bin/../lib/gcc/arm-none-eabi/4.8.4/../../../../arm-none-eabi/lib/armv6-m\libnosys.a(_exit.o)
 .ARM.attributes
                0x00000dcc       0x2c c:/freescale/kds_v3/toolchain/bin/../lib/gcc/arm-none-eabi/4.8.4/armv6-m/crtend.o
 .ARM.attributes
                0x00000df8       0x1e c:/freescale/kds_v3/toolchain/bin/../lib/gcc/arm-none-eabi/4.8.4/armv6-m/crtn.o
                0x00000001                ASSERT ((__StackLimit >= __HeapLimit), region m_data overflowed with stack and heap)
OUTPUT(adc_pit_trigger_frdmkl25z.elf elf32-littlearm)

.debug_info     0x00000000     0xac42
 .debug_info    0x00000000      0xa4c ./utilities/fsl_debug_console.o
 .debug_info    0x00000a4c      0x16e ./utilities/fsl_misc_utilities.o
 .debug_info    0x00000bba      0x27c ./startup/startup.o
 .debug_info    0x00000e36       0xc9 ./startup/startup_MKL25Z4.o
 .debug_info    0x00000eff      0x3cf ./startup/system_MKL25Z4.o
 .debug_info    0x000012ce      0x1d4 ./source/fsl_adc_irq.o
 .debug_info    0x000014a2      0x46c ./source/main.o
 .debug_info    0x0000190e      0x5b7 ./include_headers/adc.o
 .debug_info    0x00001ec5      0x658 ./include_headers/dma.o
 .debug_info    0x0000251d      0xa43 ./board/board.o
 .debug_info    0x00002f60       0xd3 ./board/hardware_init.o
 .debug_info    0x00003033      0x3f1 ./board/pin_mux.o
 .debug_info    0x00003424      0x80e C:/Freescale/KSDK_1.3.0/examples/frdmkl25z/demo_apps/adc_hw_trigger/pit/kds/../../../../../../lib/ksdk_platform_lib/kds/KL25Z4/debug/libksdk_platform.a(fsl_uart_hal.o)
 .debug_info    0x00003c32      0x953 C:/Freescale/KSDK_1.3.0/examples/frdmkl25z/demo_apps/adc_hw_trigger/pit/kds/../../../../../../lib/ksdk_platform_lib/kds/KL25Z4/debug/libksdk_platform.a(fsl_sim_hal_MKL25Z4.o)
 .debug_info    0x00004585      0x917 C:/Freescale/KSDK_1.3.0/examples/frdmkl25z/demo_apps/adc_hw_trigger/pit/kds/../../../../../../lib/ksdk_platform_lib/kds/KL25Z4/debug/libksdk_platform.a(fsl_lpsci_hal.o)
 .debug_info    0x00004e9c     0x17a4 C:/Freescale/KSDK_1.3.0/examples/frdmkl25z/demo_apps/adc_hw_trigger/pit/kds/../../../../../../lib/ksdk_platform_lib/kds/KL25Z4/debug/libksdk_platform.a(fsl_clock_MKL25Z4.o)
 .debug_info    0x00006640     0x1682 C:/Freescale/KSDK_1.3.0/examples/frdmkl25z/demo_apps/adc_hw_trigger/pit/kds/../../../../../../lib/ksdk_platform_lib/kds/KL25Z4/debug/libksdk_platform.a(fsl_clock_manager.o)
 .debug_info    0x00007cc2      0x448 C:/Freescale/KSDK_1.3.0/examples/frdmkl25z/demo_apps/adc_hw_trigger/pit/kds/../../../../../../lib/ksdk_platform_lib/kds/KL25Z4/debug/libksdk_platform.a(fsl_clock_manager_common.o)
 .debug_info    0x0000810a     0x1273 C:/Freescale/KSDK_1.3.0/examples/frdmkl25z/demo_apps/adc_hw_trigger/pit/kds/../../../../../../lib/ksdk_platform_lib/kds/KL25Z4/debug/libksdk_platform.a(fsl_adc16_driver.o)
 .debug_info    0x0000937d       0xef C:/Freescale/KSDK_1.3.0/examples/frdmkl25z/demo_apps/adc_hw_trigger/pit/kds/../../../../../../lib/ksdk_platform_lib/kds/KL25Z4/debug/libksdk_platform.a(fsl_osc_hal.o)
 .debug_info    0x0000946c      0xc23 C:/Freescale/KSDK_1.3.0/examples/frdmkl25z/demo_apps/adc_hw_trigger/pit/kds/../../../../../../lib/ksdk_platform_lib/kds/KL25Z4/debug/libksdk_platform.a(fsl_mcg_hal.o)
 .debug_info    0x0000a08f      0x850 C:/Freescale/KSDK_1.3.0/examples/frdmkl25z/demo_apps/adc_hw_trigger/pit/kds/../../../../../../lib/ksdk_platform_lib/kds/KL25Z4/debug/libksdk_platform.a(fsl_mcg_hal_modes.o)
 .debug_info    0x0000a8df      0x363 C:/Freescale/KSDK_1.3.0/examples/frdmkl25z/demo_apps/adc_hw_trigger/pit/kds/../../../../../../lib/ksdk_platform_lib/kds/KL25Z4/debug/libksdk_platform.a(fsl_adc16_common.o)

.debug_abbrev   0x00000000     0x2167
 .debug_abbrev  0x00000000      0x237 ./utilities/fsl_debug_console.o
 .debug_abbrev  0x00000237       0xc1 ./utilities/fsl_misc_utilities.o
 .debug_abbrev  0x000002f8       0xe6 ./startup/startup.o
 .debug_abbrev  0x000003de       0x14 ./startup/startup_MKL25Z4.o
 .debug_abbrev  0x000003f2      0x106 ./startup/system_MKL25Z4.o
 .debug_abbrev  0x000004f8      0x10d ./source/fsl_adc_irq.o
 .debug_abbrev  0x00000605      0x148 ./source/main.o
 .debug_abbrev  0x0000074d      0x149 ./include_headers/adc.o
 .debug_abbrev  0x00000896      0x17d ./include_headers/dma.o
 .debug_abbrev  0x00000a13      0x253 ./board/board.o
 .debug_abbrev  0x00000c66       0x72 ./board/hardware_init.o
 .debug_abbrev  0x00000cd8      0x125 ./board/pin_mux.o
 .debug_abbrev  0x00000dfd      0x1eb C:/Freescale/KSDK_1.3.0/examples/frdmkl25z/demo_apps/adc_hw_trigger/pit/kds/../../../../../../lib/ksdk_platform_lib/kds/KL25Z4/debug/libksdk_platform.a(fsl_uart_hal.o)
 .debug_abbrev  0x00000fe8      0x188 C:/Freescale/KSDK_1.3.0/examples/frdmkl25z/demo_apps/adc_hw_trigger/pit/kds/../../../../../../lib/ksdk_platform_lib/kds/KL25Z4/debug/libksdk_platform.a(fsl_sim_hal_MKL25Z4.o)
 .debug_abbrev  0x00001170      0x20e C:/Freescale/KSDK_1.3.0/examples/frdmkl25z/demo_apps/adc_hw_trigger/pit/kds/../../../../../../lib/ksdk_platform_lib/kds/KL25Z4/debug/libksdk_platform.a(fsl_lpsci_hal.o)
 .debug_abbrev  0x0000137e      0x2ef C:/Freescale/KSDK_1.3.0/examples/frdmkl25z/demo_apps/adc_hw_trigger/pit/kds/../../../../../../lib/ksdk_platform_lib/kds/KL25Z4/debug/libksdk_platform.a(fsl_clock_MKL25Z4.o)
 .debug_abbrev  0x0000166d      0x2a9 C:/Freescale/KSDK_1.3.0/examples/frdmkl25z/demo_apps/adc_hw_trigger/pit/kds/../../../../../../lib/ksdk_platform_lib/kds/KL25Z4/debug/libksdk_platform.a(fsl_clock_manager.o)
 .debug_abbrev  0x00001916       0xdb C:/Freescale/KSDK_1.3.0/examples/frdmkl25z/demo_apps/adc_hw_trigger/pit/kds/../../../../../../lib/ksdk_platform_lib/kds/KL25Z4/debug/libksdk_platform.a(fsl_clock_manager_common.o)
 .debug_abbrev  0x000019f1      0x239 C:/Freescale/KSDK_1.3.0/examples/frdmkl25z/demo_apps/adc_hw_trigger/pit/kds/../../../../../../lib/ksdk_platform_lib/kds/KL25Z4/debug/libksdk_platform.a(fsl_adc16_driver.o)
 .debug_abbrev  0x00001c2a       0x99 C:/Freescale/KSDK_1.3.0/examples/frdmkl25z/demo_apps/adc_hw_trigger/pit/kds/../../../../../../lib/ksdk_platform_lib/kds/KL25Z4/debug/libksdk_platform.a(fsl_osc_hal.o)
 .debug_abbrev  0x00001cc3      0x234 C:/Freescale/KSDK_1.3.0/examples/frdmkl25z/demo_apps/adc_hw_trigger/pit/kds/../../../../../../lib/ksdk_platform_lib/kds/KL25Z4/debug/libksdk_platform.a(fsl_mcg_hal.o)
 .debug_abbrev  0x00001ef7      0x1a4 C:/Freescale/KSDK_1.3.0/examples/frdmkl25z/demo_apps/adc_hw_trigger/pit/kds/../../../../../../lib/ksdk_platform_lib/kds/KL25Z4/debug/libksdk_platform.a(fsl_mcg_hal_modes.o)
 .debug_abbrev  0x0000209b       0xcc C:/Freescale/KSDK_1.3.0/examples/frdmkl25z/demo_apps/adc_hw_trigger/pit/kds/../../../../../../lib/ksdk_platform_lib/kds/KL25Z4/debug/libksdk_platform.a(fsl_adc16_common.o)

.debug_aranges  0x00000000      0xb58
 .debug_aranges
                0x00000000       0xa0 ./utilities/fsl_debug_console.o
 .debug_aranges
                0x000000a0       0x28 ./utilities/fsl_misc_utilities.o
 .debug_aranges
                0x000000c8       0x20 ./startup/startup.o
 .debug_aranges
                0x000000e8       0x20 ./startup/startup_MKL25Z4.o
 .debug_aranges
                0x00000108       0x28 ./startup/system_MKL25Z4.o
 .debug_aranges
                0x00000130       0x38 ./source/fsl_adc_irq.o
 .debug_aranges
                0x00000168       0x38 ./source/main.o
 .debug_aranges
                0x000001a0       0x38 ./include_headers/adc.o
 .debug_aranges
                0x000001d8       0x28 ./include_headers/dma.o
 .debug_aranges
                0x00000200       0x70 ./board/board.o
 .debug_aranges
                0x00000270       0x20 ./board/hardware_init.o
 .debug_aranges
                0x00000290       0x80 ./board/pin_mux.o
 .debug_aranges
                0x00000310       0xb0 C:/Freescale/KSDK_1.3.0/examples/frdmkl25z/demo_apps/adc_hw_trigger/pit/kds/../../../../../../lib/ksdk_platform_lib/kds/KL25Z4/debug/libksdk_platform.a(fsl_uart_hal.o)
 .debug_aranges
                0x000003c0       0x90 C:/Freescale/KSDK_1.3.0/examples/frdmkl25z/demo_apps/adc_hw_trigger/pit/kds/../../../../../../lib/ksdk_platform_lib/kds/KL25Z4/debug/libksdk_platform.a(fsl_sim_hal_MKL25Z4.o)
 .debug_aranges
                0x00000450       0xc8 C:/Freescale/KSDK_1.3.0/examples/frdmkl25z/demo_apps/adc_hw_trigger/pit/kds/../../../../../../lib/ksdk_platform_lib/kds/KL25Z4/debug/libksdk_platform.a(fsl_lpsci_hal.o)
 .debug_aranges
                0x00000518      0x210 C:/Freescale/KSDK_1.3.0/examples/frdmkl25z/demo_apps/adc_hw_trigger/pit/kds/../../../../../../lib/ksdk_platform_lib/kds/KL25Z4/debug/libksdk_platform.a(fsl_clock_MKL25Z4.o)
 .debug_aranges
                0x00000728      0x150 C:/Freescale/KSDK_1.3.0/examples/frdmkl25z/demo_apps/adc_hw_trigger/pit/kds/../../../../../../lib/ksdk_platform_lib/kds/KL25Z4/debug/libksdk_platform.a(fsl_clock_manager.o)
 .debug_aranges
                0x00000878       0x18 C:/Freescale/KSDK_1.3.0/examples/frdmkl25z/demo_apps/adc_hw_trigger/pit/kds/../../../../../../lib/ksdk_platform_lib/kds/KL25Z4/debug/libksdk_platform.a(fsl_clock_manager_common.o)
 .debug_aranges
                0x00000890      0x108 C:/Freescale/KSDK_1.3.0/examples/frdmkl25z/demo_apps/adc_hw_trigger/pit/kds/../../../../../../lib/ksdk_platform_lib/kds/KL25Z4/debug/libksdk_platform.a(fsl_adc16_driver.o)
 .debug_aranges
                0x00000998       0x20 C:/Freescale/KSDK_1.3.0/examples/frdmkl25z/demo_apps/adc_hw_trigger/pit/kds/../../../../../../lib/ksdk_platform_lib/kds/KL25Z4/debug/libksdk_platform.a(fsl_osc_hal.o)
 .debug_aranges
                0x000009b8       0xf0 C:/Freescale/KSDK_1.3.0/examples/frdmkl25z/demo_apps/adc_hw_trigger/pit/kds/../../../../../../lib/ksdk_platform_lib/kds/KL25Z4/debug/libksdk_platform.a(fsl_mcg_hal.o)
 .debug_aranges
                0x00000aa8       0x98 C:/Freescale/KSDK_1.3.0/examples/frdmkl25z/demo_apps/adc_hw_trigger/pit/kds/../../../../../../lib/ksdk_platform_lib/kds/KL25Z4/debug/libksdk_platform.a(fsl_mcg_hal_modes.o)
 .debug_aranges
                0x00000b40       0x18 C:/Freescale/KSDK_1.3.0/examples/frdmkl25z/demo_apps/adc_hw_trigger/pit/kds/../../../../../../lib/ksdk_platform_lib/kds/KL25Z4/debug/libksdk_platform.a(fsl_adc16_common.o)

.debug_ranges   0x00000000      0x9c8
 .debug_ranges  0x00000000       0x90 ./utilities/fsl_debug_console.o
 .debug_ranges  0x00000090       0x18 ./utilities/fsl_misc_utilities.o
 .debug_ranges  0x000000a8       0x10 ./startup/startup.o
 .debug_ranges  0x000000b8       0x18 ./startup/system_MKL25Z4.o
 .debug_ranges  0x000000d0       0x28 ./source/fsl_adc_irq.o
 .debug_ranges  0x000000f8       0x28 ./source/main.o
 .debug_ranges  0x00000120       0x28 ./include_headers/adc.o
 .debug_ranges  0x00000148       0x18 ./include_headers/dma.o
 .debug_ranges  0x00000160       0x60 ./board/board.o
 .debug_ranges  0x000001c0       0x10 ./board/hardware_init.o
 .debug_ranges  0x000001d0       0x70 ./board/pin_mux.o
 .debug_ranges  0x00000240       0xa0 C:/Freescale/KSDK_1.3.0/examples/frdmkl25z/demo_apps/adc_hw_trigger/pit/kds/../../../../../../lib/ksdk_platform_lib/kds/KL25Z4/debug/libksdk_platform.a(fsl_uart_hal.o)
 .debug_ranges  0x000002e0       0x80 C:/Freescale/KSDK_1.3.0/examples/frdmkl25z/demo_apps/adc_hw_trigger/pit/kds/../../../../../../lib/ksdk_platform_lib/kds/KL25Z4/debug/libksdk_platform.a(fsl_sim_hal_MKL25Z4.o)
 .debug_ranges  0x00000360       0xb8 C:/Freescale/KSDK_1.3.0/examples/frdmkl25z/demo_apps/adc_hw_trigger/pit/kds/../../../../../../lib/ksdk_platform_lib/kds/KL25Z4/debug/libksdk_platform.a(fsl_lpsci_hal.o)
 .debug_ranges  0x00000418      0x200 C:/Freescale/KSDK_1.3.0/examples/frdmkl25z/demo_apps/adc_hw_trigger/pit/kds/../../../../../../lib/ksdk_platform_lib/kds/KL25Z4/debug/libksdk_platform.a(fsl_clock_MKL25Z4.o)
 .debug_ranges  0x00000618      0x140 C:/Freescale/KSDK_1.3.0/examples/frdmkl25z/demo_apps/adc_hw_trigger/pit/kds/../../../../../../lib/ksdk_platform_lib/kds/KL25Z4/debug/libksdk_platform.a(fsl_clock_manager.o)
 .debug_ranges  0x00000758       0xf8 C:/Freescale/KSDK_1.3.0/examples/frdmkl25z/demo_apps/adc_hw_trigger/pit/kds/../../../../../../lib/ksdk_platform_lib/kds/KL25Z4/debug/libksdk_platform.a(fsl_adc16_driver.o)
 .debug_ranges  0x00000850       0x10 C:/Freescale/KSDK_1.3.0/examples/frdmkl25z/demo_apps/adc_hw_trigger/pit/kds/../../../../../../lib/ksdk_platform_lib/kds/KL25Z4/debug/libksdk_platform.a(fsl_osc_hal.o)
 .debug_ranges  0x00000860       0xe0 C:/Freescale/KSDK_1.3.0/examples/frdmkl25z/demo_apps/adc_hw_trigger/pit/kds/../../../../../../lib/ksdk_platform_lib/kds/KL25Z4/debug/libksdk_platform.a(fsl_mcg_hal.o)
 .debug_ranges  0x00000940       0x88 C:/Freescale/KSDK_1.3.0/examples/frdmkl25z/demo_apps/adc_hw_trigger/pit/kds/../../../../../../lib/ksdk_platform_lib/kds/KL25Z4/debug/libksdk_platform.a(fsl_mcg_hal_modes.o)

.debug_line     0x00000000     0x40b3
 .debug_line    0x00000000      0x3af ./utilities/fsl_debug_console.o
 .debug_line    0x000003af       0xd5 ./utilities/fsl_misc_utilities.o
 .debug_line    0x00000484      0x124 ./startup/startup.o
 .debug_line    0x000005a8       0x88 ./startup/startup_MKL25Z4.o
 .debug_line    0x00000630      0x167 ./startup/system_MKL25Z4.o
 .debug_line    0x00000797      0x15a ./source/fsl_adc_irq.o
 .debug_line    0x000008f1      0x232 ./source/main.o
 .debug_line    0x00000b23      0x171 ./include_headers/adc.o
 .debug_line    0x00000c94      0x12a ./include_headers/dma.o
 .debug_line    0x00000dbe      0x3b9 ./board/board.o
 .debug_line    0x00001177      0x12d ./board/hardware_init.o
 .debug_line    0x000012a4      0x27c ./board/pin_mux.o
 .debug_line    0x00001520      0x386 C:/Freescale/KSDK_1.3.0/examples/frdmkl25z/demo_apps/adc_hw_trigger/pit/kds/../../../../../../lib/ksdk_platform_lib/kds/KL25Z4/debug/libksdk_platform.a(fsl_uart_hal.o)
 .debug_line    0x000018a6      0x362 C:/Freescale/KSDK_1.3.0/examples/frdmkl25z/demo_apps/adc_hw_trigger/pit/kds/../../../../../../lib/ksdk_platform_lib/kds/KL25Z4/debug/libksdk_platform.a(fsl_sim_hal_MKL25Z4.o)
 .debug_line    0x00001c08      0x3d0 C:/Freescale/KSDK_1.3.0/examples/frdmkl25z/demo_apps/adc_hw_trigger/pit/kds/../../../../../../lib/ksdk_platform_lib/kds/KL25Z4/debug/libksdk_platform.a(fsl_lpsci_hal.o)
 .debug_line    0x00001fd8      0x893 C:/Freescale/KSDK_1.3.0/examples/frdmkl25z/demo_apps/adc_hw_trigger/pit/kds/../../../../../../lib/ksdk_platform_lib/kds/KL25Z4/debug/libksdk_platform.a(fsl_clock_MKL25Z4.o)
 .debug_line    0x0000286b      0x76d C:/Freescale/KSDK_1.3.0/examples/frdmkl25z/demo_apps/adc_hw_trigger/pit/kds/../../../../../../lib/ksdk_platform_lib/kds/KL25Z4/debug/libksdk_platform.a(fsl_clock_manager.o)
 .debug_line    0x00002fd8      0x14b C:/Freescale/KSDK_1.3.0/examples/frdmkl25z/demo_apps/adc_hw_trigger/pit/kds/../../../../../../lib/ksdk_platform_lib/kds/KL25Z4/debug/libksdk_platform.a(fsl_clock_manager_common.o)
 .debug_line    0x00003123      0x59b C:/Freescale/KSDK_1.3.0/examples/frdmkl25z/demo_apps/adc_hw_trigger/pit/kds/../../../../../../lib/ksdk_platform_lib/kds/KL25Z4/debug/libksdk_platform.a(fsl_adc16_driver.o)
 .debug_line    0x000036be       0xfb C:/Freescale/KSDK_1.3.0/examples/frdmkl25z/demo_apps/adc_hw_trigger/pit/kds/../../../../../../lib/ksdk_platform_lib/kds/KL25Z4/debug/libksdk_platform.a(fsl_osc_hal.o)
 .debug_line    0x000037b9      0x455 C:/Freescale/KSDK_1.3.0/examples/frdmkl25z/demo_apps/adc_hw_trigger/pit/kds/../../../../../../lib/ksdk_platform_lib/kds/KL25Z4/debug/libksdk_platform.a(fsl_mcg_hal.o)
 .debug_line    0x00003c0e      0x3b0 C:/Freescale/KSDK_1.3.0/examples/frdmkl25z/demo_apps/adc_hw_trigger/pit/kds/../../../../../../lib/ksdk_platform_lib/kds/KL25Z4/debug/libksdk_platform.a(fsl_mcg_hal_modes.o)
 .debug_line    0x00003fbe       0xf5 C:/Freescale/KSDK_1.3.0/examples/frdmkl25z/demo_apps/adc_hw_trigger/pit/kds/../../../../../../lib/ksdk_platform_lib/kds/KL25Z4/debug/libksdk_platform.a(fsl_adc16_common.o)

.debug_str      0x00000000     0x5a65
 .debug_str     0x00000000      0xb96 ./utilities/fsl_debug_console.o
                                0xbe9 (size before relaxing)
 .debug_str     0x00000b96       0x9d ./utilities/fsl_misc_utilities.o
                                0x280 (size before relaxing)
 .debug_str     0x00000c33      0x12a ./startup/startup.o
                                0x30a (size before relaxing)
 .debug_str     0x00000d5d      0x183 ./startup/system_MKL25Z4.o
                                0x363 (size before relaxing)
 .debug_str     0x00000ee0      0x14e ./source/fsl_adc_irq.o
                                0x33e (size before relaxing)
 .debug_str     0x0000102e      0x2d8 ./source/main.o
                                0x4ec (size before relaxing)
 .debug_str     0x00001306       0x74 ./include_headers/adc.o
                                0x3bf (size before relaxing)